2025-04-24 02:51:02,471 - INFO - Starting hyperparameter optimization with 40 configurations
2025-04-24 02:51:06,191	INFO worker.py:1852 -- Started a local Ray instance.
[I 2025-04-24 02:51:07,148] A new study created in memory with name: optuna
2025-04-24 02:51:07,167	WARNING tune.py:902 -- AIR_VERBOSITY is set, ignoring passed-in ProgressReporter for now.
[36m(func pid=1102632)[0m 2025-04-24 02:53:52,186 - INFO - Initialized GAT model with 1 layers and 128 hidden dimensions
[36m(func pid=1102632)[0m 2025-04-24 02:53:52,187 - INFO - Initialized GNN regressor with GAT backbone
[36m(func pid=1102791)[0m 2025-04-24 02:54:01,539 - INFO - Initialized GAT model with 1 layers and 32 hidden dimensions[32m [repeated 2x across cluster] (Ray deduplicates logs by default. Set RAY_DEDUP_LOGS=0 to disable log deduplication, or see https://docs.ray.io/en/master/ray-observability/user-guides/configure-logging.html#log-deduplication for more options.)[0m
[36m(func pid=1102791)[0m 2025-04-24 02:54:01,539 - INFO - Initialized GNN regressor with GAT backbone[32m [repeated 2x across cluster][0m
[36m(func pid=1102944)[0m 2025-04-24 02:54:14,229 - INFO - Initialized GCN model with 4 layers and 256 hidden dimensions
[36m(func pid=1102944)[0m 2025-04-24 02:54:14,230 - INFO - Initialized GNN regressor with GCN backbone
[36m(func pid=1761423)[0m 2025-04-24 03:54:25,727 - INFO - Initialized GCN model with 1 layers and 64 hidden dimensions
[36m(func pid=1761423)[0m 2025-04-24 03:54:25,727 - INFO - Initialized GNN regressor with GCN backbone
[36m(func pid=2912499)[0m 2025-04-24 05:39:09,476 - INFO - Initialized GAT model with 2 layers and 64 hidden dimensions
[36m(func pid=2912499)[0m 2025-04-24 05:39:09,477 - INFO - Initialized GNN regressor with GAT backbone
[36m(func pid=3164724)[0m 2025-04-24 06:01:50,937 - INFO - Initialized GAT model with 3 layers and 64 hidden dimensions
[36m(func pid=3164724)[0m 2025-04-24 06:01:50,938 - INFO - Initialized GNN regressor with GAT backbone
[36m(func pid=4184214)[0m 2025-04-24 07:35:00,917 - INFO - Initialized GCN model with 1 layers and 32 hidden dimensions
[36m(func pid=4184214)[0m 2025-04-24 07:35:00,917 - INFO - Initialized GNN regressor with GCN backbone
[36m(func pid=845833)[0m 2025-04-24 08:53:35,109 - INFO - Initialized GCN model with 1 layers and 128 hidden dimensions
[36m(func pid=845833)[0m 2025-04-24 08:53:35,110 - INFO - Initialized GNN regressor with GCN backbone
[36m(func pid=1723929)[0m 2025-04-24 10:13:23,320 - INFO - Initialized GAT model with 4 layers and 256 hidden dimensions
[36m(func pid=1723929)[0m 2025-04-24 10:13:23,321 - INFO - Initialized GNN regressor with GAT backbone
[36m(func pid=1866583)[0m 2025-04-24 10:26:32,155 - INFO - Initialized GAT model with 4 layers and 256 hidden dimensions
[36m(func pid=1866583)[0m 2025-04-24 10:26:32,156 - INFO - Initialized GNN regressor with GAT backbone
[36m(func pid=1948667)[0m 2025-04-24 10:33:47,092 - INFO - Initialized GAT model with 3 layers and 128 hidden dimensions
[36m(func pid=1948667)[0m 2025-04-24 10:33:47,092 - INFO - Initialized GNN regressor with GAT backbone
[36m(func pid=1102944)[0m [2025-04-24 11:46:25,423 E 1102944 1103082] logging.cc:120: Stack trace: 
[36m(func pid=1102944)[0m  /u/mbanisharifdehkordi/gnn-env/lib/python3.12/site-packages/ray/_raylet.so(+0x13fd13a) [0x7f9edb29913a] ray::operator<<()
[36m(func pid=1102944)[0m /u/mbanisharifdehkordi/gnn-env/lib/python3.12/site-packages/ray/_raylet.so(+0x1400712) [0x7f9edb29c712] ray::TerminateHandler()
[36m(func pid=1102944)[0m /sw/spack/deltas11-2023-03/apps/linux-rhel8-x86_64/gcc-8.5.0/gcc-11.4.0-yycklku/lib64/libstdc++.so.6(+0xb4c9a) [0x7f9ed9932c9a] __cxxabiv1::__terminate()
[36m(func pid=1102944)[0m /sw/spack/deltas11-2023-03/apps/linux-rhel8-x86_64/gcc-8.5.0/gcc-11.4.0-yycklku/lib64/libstdc++.so.6(+0xb4d05) [0x7f9ed9932d05]
[36m(func pid=1102944)[0m /sw/spack/deltas11-2023-03/apps/linux-rhel8-x86_64/gcc-8.5.0/gcc-11.4.0-yycklku/lib64/libstdc++.so.6(__gxx_personality_v0+0x2bc) [0x7f9ed993265c] __gxx_personality_v0
[36m(func pid=1102944)[0m /sw/spack/deltas11-2023-03/apps/linux-rhel8-x86_64/gcc-8.5.0/gcc-11.4.0-yycklku/lib64/libgcc_s.so.1(+0x11234) [0x7f9ed9676234] _Unwind_ForcedUnwind_Phase2
[36m(func pid=1102944)[0m /sw/spack/deltas11-2023-03/apps/linux-rhel8-x86_64/gcc-8.5.0/gcc-11.4.0-yycklku/lib64/libgcc_s.so.1(_Unwind_ForcedUnwind+0x132) [0x7f9ed9676922] _Unwind_ForcedUnwind
[36m(func pid=1102944)[0m /lib64/libpthread.so.0(__pthread_unwind+0x46) [0x7f9eeab8d626] __pthread_unwind
[36m(func pid=1102944)[0m /lib64/libpthread.so.0(+0x946b) [0x7f9eeab8546b]
[36m(func pid=1102944)[0m /sw/spack/deltas11-2023-03/apps/linux-rhel8-zen3/gcc-11.4.0/python-3.12.1-ahcgi2c/lib/libpython3.12.so.1.0(+0x2ffc93) [0x7f9eeb2aec93]
[36m(func pid=1102944)[0m /sw/spack/deltas11-2023-03/apps/linux-rhel8-zen3/gcc-11.4.0/python-3.12.1-ahcgi2c/lib/libpython3.12.so.1.0(+0x2bec61) [0x7f9eeb26dc61] take_gil
[36m(func pid=1102944)[0m /sw/spack/deltas11-2023-03/apps/linux-rhel8-zen3/gcc-11.4.0/python-3.12.1-ahcgi2c/lib/libpython3.12.so.1.0(PyEval_RestoreThread+0xe) [0x7f9eeb26e1ce] PyEval_RestoreThread
[36m(func pid=1102944)[0m /u/mbanisharifdehkordi/gnn-env/lib/python3.12/site-packages/torch/lib/libtorch_python.so(+0x80abbb) [0x7f8c3c91ebbb] THPVariable_clear()
[36m(func pid=1102944)[0m /u/mbanisharifdehkordi/gnn-env/lib/python3.12/site-packages/torch/lib/libtorch_python.so(_Z28THPVariable_subclass_deallocP7_object+0x300) [0x7f8c3c91f150] THPVariable_subclass_dealloc()
[36m(func pid=1102944)[0m /sw/spack/deltas11-2023-03/apps/linux-rhel8-zen3/gcc-11.4.0/python-3.12.1-ahcgi2c/lib/libpython3.12.so.1.0(+0x1be105) [0x7f9eeb16d105] free_keys_object
[36m(func pid=1102944)[0m /sw/spack/deltas11-2023-03/apps/linux-rhel8-zen3/gcc-11.4.0/python-3.12.1-ahcgi2c/lib/libpython3.12.so.1.0(+0x1c311b) [0x7f9eeb17211b] dict_dealloc
[36m(func pid=1102944)[0m /sw/spack/deltas11-2023-03/apps/linux-rhel8-zen3/gcc-11.4.0/python-3.12.1-ahcgi2c/lib/libpython3.12.so.1.0(+0x1c2fda) [0x7f9eeb171fda] dict_dealloc
[36m(func pid=1102944)[0m /sw/spack/deltas11-2023-03/apps/linux-rhel8-zen3/gcc-11.4.0/python-3.12.1-ahcgi2c/lib/libpython3.12.so.1.0(+0x1f174f) [0x7f9eeb1a074f] subtype_dealloc
[36m(func pid=1102944)[0m /sw/spack/deltas11-2023-03/apps/linux-rhel8-zen3/gcc-11.4.0/python-3.12.1-ahcgi2c/lib/libpython3.12.so.1.0(+0x1c2fda) [0x7f9eeb171fda] dict_dealloc
[36m(func pid=1102944)[0m /sw/spack/deltas11-2023-03/apps/linux-rhel8-zen3/gcc-11.4.0/python-3.12.1-ahcgi2c/lib/libpython3.12.so.1.0(+0x1f174f) [0x7f9eeb1a074f] subtype_dealloc
[36m(func pid=1102944)[0m /sw/spack/deltas11-2023-03/apps/linux-rhel8-zen3/gcc-11.4.0/python-3.12.1-ahcgi2c/lib/libpython3.12.so.1.0(+0x1a4ae3) [0x7f9eeb153ae3] list_dealloc
[36m(func pid=1102944)[0m /sw/spack/deltas11-2023-03/apps/linux-rhel8-zen3/gcc-11.4.0/python-3.12.1-ahcgi2c/lib/libpython3.12.so.1.0(+0x1c21d6) [0x7f9eeb1711d6] _PyObject_FreeInstanceAttributes
[36m(func pid=1102944)[0m /sw/spack/deltas11-2023-03/apps/linux-rhel8-zen3/gcc-11.4.0/python-3.12.1-ahcgi2c/lib/libpython3.12.so.1.0(+0x1f1738) [0x7f9eeb1a0738] subtype_dealloc
[36m(func pid=1102944)[0m /sw/spack/deltas11-2023-03/apps/linux-rhel8-zen3/gcc-11.4.0/python-3.12.1-ahcgi2c/lib/libpython3.12.so.1.0(+0x1c21d6) [0x7f9eeb1711d6] _PyObject_FreeInstanceAttributes
[36m(func pid=1102944)[0m /sw/spack/deltas11-2023-03/apps/linux-rhel8-zen3/gcc-11.4.0/python-3.12.1-ahcgi2c/lib/libpython3.12.so.1.0(+0x1f1738) [0x7f9eeb1a0738] subtype_dealloc
[36m(func pid=1102944)[0m /sw/spack/deltas11-2023-03/apps/linux-rhel8-zen3/gcc-11.4.0/python-3.12.1-ahcgi2c/lib/libpython3.12.so.1.0(+0x19d3d4) [0x7f9eeb14c3d4] frame_dealloc
[36m(func pid=1102944)[0m /sw/spack/deltas11-2023-03/apps/linux-rhel8-zen3/gcc-11.4.0/python-3.12.1-ahcgi2c/lib/libpython3.12.so.1.0(+0x300835) [0x7f9eeb2af835] tb_dealloc
[36m(func pid=1102944)[0m /sw/spack/deltas11-2023-03/apps/linux-rhel8-zen3/gcc-11.4.0/python-3.12.1-ahcgi2c/lib/libpython3.12.so.1.0(+0x300825) [0x7f9eeb2af825] tb_dealloc
[36m(func pid=1102944)[0m /sw/spack/deltas11-2023-03/apps/linux-rhel8-zen3/gcc-11.4.0/python-3.12.1-ahcgi2c/lib/libpython3.12.so.1.0(+0x300825) [0x7f9eeb2af825] tb_dealloc
[36m(func pid=1102944)[0m /sw/spack/deltas11-2023-03/apps/linux-rhel8-zen3/gcc-11.4.0/python-3.12.1-ahcgi2c/lib/libpython3.12.so.1.0(+0x300825) [0x7f9eeb2af825] tb_dealloc
[36m(func pid=1102944)[0m /sw/spack/deltas11-2023-03/apps/linux-rhel8-zen3/gcc-11.4.0/python-3.12.1-ahcgi2c/lib/libpython3.12.so.1.0(+0x300825) [0x7f9eeb2af825] tb_dealloc
[36m(func pid=1102944)[0m /sw/spack/deltas11-2023-03/apps/linux-rhel8-zen3/gcc-11.4.0/python-3.12.1-ahcgi2c/lib/libpython3.12.so.1.0(+0x18cf25) [0x7f9eeb13bf25] SystemExit_dealloc
[36m(func pid=1102944)[0m /sw/spack/deltas11-2023-03/apps/linux-rhel8-zen3/gcc-11.4.0/python-3.12.1-ahcgi2c/lib/libpython3.12.so.1.0(_PyEval_EvalFrameDefault+0x83e6) [0x7f9eeb0c6ed6] _PyEval_EvalFrameDefault
[36m(func pid=1102944)[0m /sw/spack/deltas11-2023-03/apps/linux-rhel8-zen3/gcc-11.4.0/python-3.12.1-ahcgi2c/lib/libpython3.12.so.1.0(+0x17bbbb) [0x7f9eeb12abbb] method_vectorcall
[36m(func pid=1102944)[0m /sw/spack/deltas11-2023-03/apps/linux-rhel8-zen3/gcc-11.4.0/python-3.12.1-ahcgi2c/lib/libpython3.12.so.1.0(+0x378e27) [0x7f9eeb327e27] thread_run
[36m(func pid=1102944)[0m /sw/spack/deltas11-2023-03/apps/linux-rhel8-zen3/gcc-11.4.0/python-3.12.1-ahcgi2c/lib/libpython3.12.so.1.0(+0x2ff9c7) [0x7f9eeb2ae9c7] pythread_wrapper
[36m(func pid=1102944)[0m /lib64/libpthread.so.0(+0x81ca) [0x7f9eeab841ca] start_thread
[36m(func pid=1102944)[0m /lib64/libc.so.6(clone+0x43) [0x7f9eea066e73] clone
[36m(func pid=1102944)[0m 
[36m(func pid=2776672)[0m 2025-04-24 11:49:09,779 - INFO - Initialized GAT model with 4 layers and 64 hidden dimensions
[36m(func pid=2776672)[0m 2025-04-24 11:49:09,779 - INFO - Initialized GNN regressor with GAT backbone
[36m(func pid=1723929)[0m [2025-04-24 11:59:11,230 E 1723929 1724014] logging.cc:120: Stack trace: 
[36m(func pid=1723929)[0m  /u/mbanisharifdehkordi/gnn-env/lib/python3.12/site-packages/ray/_raylet.so(+0x13fd13a) [0x7f27d31f213a] ray::operator<<()
[36m(func pid=1723929)[0m /u/mbanisharifdehkordi/gnn-env/lib/python3.12/site-packages/ray/_raylet.so(+0x1400712) [0x7f27d31f5712] ray::TerminateHandler()
[36m(func pid=1723929)[0m /sw/spack/deltas11-2023-03/apps/linux-rhel8-x86_64/gcc-8.5.0/gcc-11.4.0-yycklku/lib64/libstdc++.so.6(+0xb4c9a) [0x7f27d188bc9a] __cxxabiv1::__terminate()
[36m(func pid=1723929)[0m /sw/spack/deltas11-2023-03/apps/linux-rhel8-x86_64/gcc-8.5.0/gcc-11.4.0-yycklku/lib64/libstdc++.so.6(+0xb4d05) [0x7f27d188bd05]
[36m(func pid=1723929)[0m /sw/spack/deltas11-2023-03/apps/linux-rhel8-x86_64/gcc-8.5.0/gcc-11.4.0-yycklku/lib64/libstdc++.so.6(__gxx_personality_v0+0x2bc) [0x7f27d188b65c] __gxx_personality_v0
[36m(func pid=1723929)[0m /sw/spack/deltas11-2023-03/apps/linux-rhel8-x86_64/gcc-8.5.0/gcc-11.4.0-yycklku/lib64/libgcc_s.so.1(+0x11234) [0x7f27d15cf234] _Unwind_ForcedUnwind_Phase2
[36m(func pid=1723929)[0m /sw/spack/deltas11-2023-03/apps/linux-rhel8-x86_64/gcc-8.5.0/gcc-11.4.0-yycklku/lib64/libgcc_s.so.1(_Unwind_ForcedUnwind+0x132) [0x7f27d15cf922] _Unwind_ForcedUnwind
[36m(func pid=1723929)[0m /lib64/libpthread.so.0(__pthread_unwind+0x46) [0x7f27e2ae6626] __pthread_unwind
[36m(func pid=1723929)[0m /lib64/libpthread.so.0(+0x946b) [0x7f27e2ade46b]
[36m(func pid=1723929)[0m /sw/spack/deltas11-2023-03/apps/linux-rhel8-zen3/gcc-11.4.0/python-3.12.1-ahcgi2c/lib/libpython3.12.so.1.0(+0x2ffc93) [0x7f27e3207c93]
[36m(func pid=1723929)[0m /sw/spack/deltas11-2023-03/apps/linux-rhel8-zen3/gcc-11.4.0/python-3.12.1-ahcgi2c/lib/libpython3.12.so.1.0(+0x2bec61) [0x7f27e31c6c61] take_gil
[36m(func pid=1723929)[0m /sw/spack/deltas11-2023-03/apps/linux-rhel8-zen3/gcc-11.4.0/python-3.12.1-ahcgi2c/lib/libpython3.12.so.1.0(PyEval_RestoreThread+0xe) [0x7f27e31c71ce] PyEval_RestoreThread
[36m(func pid=1723929)[0m /u/mbanisharifdehkordi/gnn-env/lib/python3.12/site-packages/torch/lib/libtorch_python.so(+0x80abbb) [0x7f1534864bbb] THPVariable_clear()
[36m(func pid=1723929)[0m /u/mbanisharifdehkordi/gnn-env/lib/python3.12/site-packages/torch/lib/libtorch_python.so(_Z28THPVariable_subclass_deallocP7_object+0x300) [0x7f1534865150] THPVariable_subclass_dealloc()
[36m(func pid=1723929)[0m /sw/spack/deltas11-2023-03/apps/linux-rhel8-zen3/gcc-11.4.0/python-3.12.1-ahcgi2c/lib/libpython3.12.so.1.0(+0x1be105) [0x7f27e30c6105] free_keys_object
[36m(func pid=1723929)[0m /sw/spack/deltas11-2023-03/apps/linux-rhel8-zen3/gcc-11.4.0/python-3.12.1-ahcgi2c/lib/libpython3.12.so.1.0(+0x1c311b) [0x7f27e30cb11b] dict_dealloc
[36m(func pid=1723929)[0m /sw/spack/deltas11-2023-03/apps/linux-rhel8-zen3/gcc-11.4.0/python-3.12.1-ahcgi2c/lib/libpython3.12.so.1.0(+0x1c2fda) [0x7f27e30cafda] dict_dealloc
[36m(func pid=1723929)[0m /sw/spack/deltas11-2023-03/apps/linux-rhel8-zen3/gcc-11.4.0/python-3.12.1-ahcgi2c/lib/libpython3.12.so.1.0(+0x1f174f) [0x7f27e30f974f] subtype_dealloc
[36m(func pid=1723929)[0m /sw/spack/deltas11-2023-03/apps/linux-rhel8-zen3/gcc-11.4.0/python-3.12.1-ahcgi2c/lib/libpython3.12.so.1.0(+0x1c2fda) [0x7f27e30cafda] dict_dealloc
[36m(func pid=1723929)[0m /sw/spack/deltas11-2023-03/apps/linux-rhel8-zen3/gcc-11.4.0/python-3.12.1-ahcgi2c/lib/libpython3.12.so.1.0(+0x1f174f) [0x7f27e30f974f] subtype_dealloc
[36m(func pid=1723929)[0m /sw/spack/deltas11-2023-03/apps/linux-rhel8-zen3/gcc-11.4.0/python-3.12.1-ahcgi2c/lib/libpython3.12.so.1.0(+0x1a4ae3) [0x7f27e30acae3] list_dealloc
[36m(func pid=1723929)[0m /sw/spack/deltas11-2023-03/apps/linux-rhel8-zen3/gcc-11.4.0/python-3.12.1-ahcgi2c/lib/libpython3.12.so.1.0(+0x1c21d6) [0x7f27e30ca1d6] _PyObject_FreeInstanceAttributes
[36m(func pid=1723929)[0m /sw/spack/deltas11-2023-03/apps/linux-rhel8-zen3/gcc-11.4.0/python-3.12.1-ahcgi2c/lib/libpython3.12.so.1.0(+0x1f1738) [0x7f27e30f9738] subtype_dealloc
[36m(func pid=1723929)[0m /sw/spack/deltas11-2023-03/apps/linux-rhel8-zen3/gcc-11.4.0/python-3.12.1-ahcgi2c/lib/libpython3.12.so.1.0(+0x1c21d6) [0x7f27e30ca1d6] _PyObject_FreeInstanceAttributes
[36m(func pid=1723929)[0m /sw/spack/deltas11-2023-03/apps/linux-rhel8-zen3/gcc-11.4.0/python-3.12.1-ahcgi2c/lib/libpython3.12.so.1.0(+0x1f1738) [0x7f27e30f9738] subtype_dealloc
[36m(func pid=1723929)[0m /sw/spack/deltas11-2023-03/apps/linux-rhel8-zen3/gcc-11.4.0/python-3.12.1-ahcgi2c/lib/libpython3.12.so.1.0(+0x19d3d4) [0x7f27e30a53d4] frame_dealloc
[36m(func pid=1723929)[0m /sw/spack/deltas11-2023-03/apps/linux-rhel8-zen3/gcc-11.4.0/python-3.12.1-ahcgi2c/lib/libpython3.12.so.1.0(+0x300835) [0x7f27e3208835] tb_dealloc
[36m(func pid=1723929)[0m /sw/spack/deltas11-2023-03/apps/linux-rhel8-zen3/gcc-11.4.0/python-3.12.1-ahcgi2c/lib/libpython3.12.so.1.0(+0x300825) [0x7f27e3208825] tb_dealloc
[36m(func pid=1723929)[0m /sw/spack/deltas11-2023-03/apps/linux-rhel8-zen3/gcc-11.4.0/python-3.12.1-ahcgi2c/lib/libpython3.12.so.1.0(+0x300825) [0x7f27e3208825] tb_dealloc
[36m(func pid=1723929)[0m /sw/spack/deltas11-2023-03/apps/linux-rhel8-zen3/gcc-11.4.0/python-3.12.1-ahcgi2c/lib/libpython3.12.so.1.0(+0x300825) [0x7f27e3208825] tb_dealloc
[36m(func pid=1723929)[0m /sw/spack/deltas11-2023-03/apps/linux-rhel8-zen3/gcc-11.4.0/python-3.12.1-ahcgi2c/lib/libpython3.12.so.1.0(+0x300825) [0x7f27e3208825] tb_dealloc
[36m(func pid=1723929)[0m /sw/spack/deltas11-2023-03/apps/linux-rhel8-zen3/gcc-11.4.0/python-3.12.1-ahcgi2c/lib/libpython3.12.so.1.0(+0x18cf25) [0x7f27e3094f25] SystemExit_dealloc
[36m(func pid=1723929)[0m /sw/spack/deltas11-2023-03/apps/linux-rhel8-zen3/gcc-11.4.0/python-3.12.1-ahcgi2c/lib/libpython3.12.so.1.0(_PyEval_EvalFrameDefault+0x83e6) [0x7f27e301fed6] _PyEval_EvalFrameDefault
[36m(func pid=1723929)[0m /sw/spack/deltas11-2023-03/apps/linux-rhel8-zen3/gcc-11.4.0/python-3.12.1-ahcgi2c/lib/libpython3.12.so.1.0(+0x17bbbb) [0x7f27e3083bbb] method_vectorcall
[36m(func pid=1723929)[0m /sw/spack/deltas11-2023-03/apps/linux-rhel8-zen3/gcc-11.4.0/python-3.12.1-ahcgi2c/lib/libpython3.12.so.1.0(+0x378e27) [0x7f27e3280e27] thread_run
[36m(func pid=1723929)[0m /sw/spack/deltas11-2023-03/apps/linux-rhel8-zen3/gcc-11.4.0/python-3.12.1-ahcgi2c/lib/libpython3.12.so.1.0(+0x2ff9c7) [0x7f27e32079c7] pythread_wrapper
[36m(func pid=1723929)[0m /lib64/libpthread.so.0(+0x81ca) [0x7f27e2add1ca] start_thread
[36m(func pid=1723929)[0m /lib64/libc.so.6(clone+0x43) [0x7f27e1fbfe73] clone
[36m(func pid=1723929)[0m 
[36m(func pid=2920912)[0m 2025-04-24 12:01:55,245 - INFO - Initialized GAT model with 2 layers and 32 hidden dimensions
[36m(func pid=2920912)[0m 2025-04-24 12:01:55,245 - INFO - Initialized GNN regressor with GAT backbone
[36m(func pid=3315929)[0m 2025-04-24 12:37:48,553 - INFO - Initialized GAT model with 2 layers and 64 hidden dimensions
[36m(func pid=3315929)[0m 2025-04-24 12:37:48,553 - INFO - Initialized GNN regressor with GAT backbone
[36m(func pid=4083322)[0m 2025-04-24 13:47:57,417 - INFO - Initialized GAT model with 2 layers and 32 hidden dimensions
[36m(func pid=4083322)[0m 2025-04-24 13:47:57,417 - INFO - Initialized GNN regressor with GAT backbone
[36m(func pid=4083322)[0m [2025-04-24 14:56:29,429 E 4083322 4083408] logging.cc:120: Stack trace: 
[36m(func pid=4083322)[0m  /u/mbanisharifdehkordi/gnn-env/lib/python3.12/site-packages/ray/_raylet.so(+0x13fd13a) [0x7f153b9d113a] ray::operator<<()
[36m(func pid=4083322)[0m /u/mbanisharifdehkordi/gnn-env/lib/python3.12/site-packages/ray/_raylet.so(+0x1400712) [0x7f153b9d4712] ray::TerminateHandler()
[36m(func pid=4083322)[0m /sw/spack/deltas11-2023-03/apps/linux-rhel8-x86_64/gcc-8.5.0/gcc-11.4.0-yycklku/lib64/libstdc++.so.6(+0xb4c9a) [0x7f153a06ac9a] __cxxabiv1::__terminate()
[36m(func pid=4083322)[0m /sw/spack/deltas11-2023-03/apps/linux-rhel8-x86_64/gcc-8.5.0/gcc-11.4.0-yycklku/lib64/libstdc++.so.6(+0xb4d05) [0x7f153a06ad05]
[36m(func pid=4083322)[0m /sw/spack/deltas11-2023-03/apps/linux-rhel8-x86_64/gcc-8.5.0/gcc-11.4.0-yycklku/lib64/libstdc++.so.6(__gxx_personality_v0+0x2bc) [0x7f153a06a65c] __gxx_personality_v0
[36m(func pid=4083322)[0m /sw/spack/deltas11-2023-03/apps/linux-rhel8-x86_64/gcc-8.5.0/gcc-11.4.0-yycklku/lib64/libgcc_s.so.1(+0x11234) [0x7f1539dae234] _Unwind_ForcedUnwind_Phase2
[36m(func pid=4083322)[0m /sw/spack/deltas11-2023-03/apps/linux-rhel8-x86_64/gcc-8.5.0/gcc-11.4.0-yycklku/lib64/libgcc_s.so.1(_Unwind_ForcedUnwind+0x132) [0x7f1539dae922] _Unwind_ForcedUnwind
[36m(func pid=4083322)[0m /lib64/libpthread.so.0(__pthread_unwind+0x46) [0x7f154b2c5626] __pthread_unwind
[36m(func pid=4083322)[0m /lib64/libpthread.so.0(+0x946b) [0x7f154b2bd46b]
[36m(func pid=4083322)[0m /sw/spack/deltas11-2023-03/apps/linux-rhel8-zen3/gcc-11.4.0/python-3.12.1-ahcgi2c/lib/libpython3.12.so.1.0(+0x2ffc93) [0x7f154b9e6c93]
[36m(func pid=4083322)[0m /sw/spack/deltas11-2023-03/apps/linux-rhel8-zen3/gcc-11.4.0/python-3.12.1-ahcgi2c/lib/libpython3.12.so.1.0(+0x2bec61) [0x7f154b9a5c61] take_gil
[36m(func pid=4083322)[0m /sw/spack/deltas11-2023-03/apps/linux-rhel8-zen3/gcc-11.4.0/python-3.12.1-ahcgi2c/lib/libpython3.12.so.1.0(PyEval_RestoreThread+0xe) [0x7f154b9a61ce] PyEval_RestoreThread
[36m(func pid=4083322)[0m /u/mbanisharifdehkordi/gnn-env/lib/python3.12/site-packages/torch/lib/libtorch_python.so(+0x80abbb) [0x7f029903fbbb] THPVariable_clear()
[36m(func pid=4083322)[0m /u/mbanisharifdehkordi/gnn-env/lib/python3.12/site-packages/torch/lib/libtorch_python.so(_Z28THPVariable_subclass_deallocP7_object+0x300) [0x7f0299040150] THPVariable_subclass_dealloc()
[36m(func pid=4083322)[0m /sw/spack/deltas11-2023-03/apps/linux-rhel8-zen3/gcc-11.4.0/python-3.12.1-ahcgi2c/lib/libpython3.12.so.1.0(+0x1be105) [0x7f154b8a5105] free_keys_object
[36m(func pid=4083322)[0m /sw/spack/deltas11-2023-03/apps/linux-rhel8-zen3/gcc-11.4.0/python-3.12.1-ahcgi2c/lib/libpython3.12.so.1.0(+0x1c311b) [0x7f154b8aa11b] dict_dealloc
[36m(func pid=4083322)[0m /sw/spack/deltas11-2023-03/apps/linux-rhel8-zen3/gcc-11.4.0/python-3.12.1-ahcgi2c/lib/libpython3.12.so.1.0(+0x1c2fda) [0x7f154b8a9fda] dict_dealloc
[36m(func pid=4083322)[0m /sw/spack/deltas11-2023-03/apps/linux-rhel8-zen3/gcc-11.4.0/python-3.12.1-ahcgi2c/lib/libpython3.12.so.1.0(+0x1f174f) [0x7f154b8d874f] subtype_dealloc
[36m(func pid=4083322)[0m /sw/spack/deltas11-2023-03/apps/linux-rhel8-zen3/gcc-11.4.0/python-3.12.1-ahcgi2c/lib/libpython3.12.so.1.0(+0x1c2fda) [0x7f154b8a9fda] dict_dealloc
[36m(func pid=4083322)[0m /sw/spack/deltas11-2023-03/apps/linux-rhel8-zen3/gcc-11.4.0/python-3.12.1-ahcgi2c/lib/libpython3.12.so.1.0(+0x1f174f) [0x7f154b8d874f] subtype_dealloc
[36m(func pid=4083322)[0m /sw/spack/deltas11-2023-03/apps/linux-rhel8-zen3/gcc-11.4.0/python-3.12.1-ahcgi2c/lib/libpython3.12.so.1.0(+0x1a4ae3) [0x7f154b88bae3] list_dealloc
[36m(func pid=4083322)[0m /sw/spack/deltas11-2023-03/apps/linux-rhel8-zen3/gcc-11.4.0/python-3.12.1-ahcgi2c/lib/libpython3.12.so.1.0(+0x1c21d6) [0x7f154b8a91d6] _PyObject_FreeInstanceAttributes
[36m(func pid=4083322)[0m /sw/spack/deltas11-2023-03/apps/linux-rhel8-zen3/gcc-11.4.0/python-3.12.1-ahcgi2c/lib/libpython3.12.so.1.0(+0x1f1738) [0x7f154b8d8738] subtype_dealloc
[36m(func pid=4083322)[0m /sw/spack/deltas11-2023-03/apps/linux-rhel8-zen3/gcc-11.4.0/python-3.12.1-ahcgi2c/lib/libpython3.12.so.1.0(+0x1c21d6) [0x7f154b8a91d6] _PyObject_FreeInstanceAttributes
[36m(func pid=4083322)[0m /sw/spack/deltas11-2023-03/apps/linux-rhel8-zen3/gcc-11.4.0/python-3.12.1-ahcgi2c/lib/libpython3.12.so.1.0(+0x1f1738) [0x7f154b8d8738] subtype_dealloc
[36m(func pid=4083322)[0m /sw/spack/deltas11-2023-03/apps/linux-rhel8-zen3/gcc-11.4.0/python-3.12.1-ahcgi2c/lib/libpython3.12.so.1.0(+0x19d3d4) [0x7f154b8843d4] frame_dealloc
[36m(func pid=4083322)[0m /sw/spack/deltas11-2023-03/apps/linux-rhel8-zen3/gcc-11.4.0/python-3.12.1-ahcgi2c/lib/libpython3.12.so.1.0(+0x300835) [0x7f154b9e7835] tb_dealloc
[36m(func pid=4083322)[0m /sw/spack/deltas11-2023-03/apps/linux-rhel8-zen3/gcc-11.4.0/python-3.12.1-ahcgi2c/lib/libpython3.12.so.1.0(+0x300825) [0x7f154b9e7825] tb_dealloc
[36m(func pid=4083322)[0m /sw/spack/deltas11-2023-03/apps/linux-rhel8-zen3/gcc-11.4.0/python-3.12.1-ahcgi2c/lib/libpython3.12.so.1.0(+0x300825) [0x7f154b9e7825] tb_dealloc
[36m(func pid=4083322)[0m /sw/spack/deltas11-2023-03/apps/linux-rhel8-zen3/gcc-11.4.0/python-3.12.1-ahcgi2c/lib/libpython3.12.so.1.0(+0x300825) [0x7f154b9e7825] tb_dealloc
[36m(func pid=4083322)[0m /sw/spack/deltas11-2023-03/apps/linux-rhel8-zen3/gcc-11.4.0/python-3.12.1-ahcgi2c/lib/libpython3.12.so.1.0(+0x300825) [0x7f154b9e7825] tb_dealloc
[36m(func pid=4083322)[0m /sw/spack/deltas11-2023-03/apps/linux-rhel8-zen3/gcc-11.4.0/python-3.12.1-ahcgi2c/lib/libpython3.12.so.1.0(+0x18cf25) [0x7f154b873f25] SystemExit_dealloc
[36m(func pid=4083322)[0m /sw/spack/deltas11-2023-03/apps/linux-rhel8-zen3/gcc-11.4.0/python-3.12.1-ahcgi2c/lib/libpython3.12.so.1.0(_PyEval_EvalFrameDefault+0x83e6) [0x7f154b7feed6] _PyEval_EvalFrameDefault
[36m(func pid=4083322)[0m /sw/spack/deltas11-2023-03/apps/linux-rhel8-zen3/gcc-11.4.0/python-3.12.1-ahcgi2c/lib/libpython3.12.so.1.0(+0x17bbbb) [0x7f154b862bbb] method_vectorcall
[36m(func pid=4083322)[0m /sw/spack/deltas11-2023-03/apps/linux-rhel8-zen3/gcc-11.4.0/python-3.12.1-ahcgi2c/lib/libpython3.12.so.1.0(+0x378e27) [0x7f154ba5fe27] thread_run
[36m(func pid=4083322)[0m /sw/spack/deltas11-2023-03/apps/linux-rhel8-zen3/gcc-11.4.0/python-3.12.1-ahcgi2c/lib/libpython3.12.so.1.0(+0x2ff9c7) [0x7f154b9e69c7] pythread_wrapper
[36m(func pid=4083322)[0m /lib64/libpthread.so.0(+0x81ca) [0x7f154b2bc1ca] start_thread
[36m(func pid=4083322)[0m /lib64/libc.so.6(clone+0x43) [0x7f154a79ee73] clone
[36m(func pid=4083322)[0m 
[36m(func pid=668254)[0m 2025-04-24 14:59:18,820 - INFO - Initialized GAT model with 2 layers and 32 hidden dimensions
[36m(func pid=668254)[0m 2025-04-24 14:59:18,820 - INFO - Initialized GNN regressor with GAT backbone
[36m(func pid=1447622)[0m 2025-04-24 16:10:18,616 - INFO - Initialized GAT model with 3 layers and 64 hidden dimensions
[36m(func pid=1447622)[0m 2025-04-24 16:10:18,616 - INFO - Initialized GNN regressor with GAT backbone
[36m(func pid=2083759)[0m 2025-04-24 17:08:01,922 - INFO - Initialized GAT model with 2 layers and 64 hidden dimensions
[36m(func pid=2083759)[0m 2025-04-24 17:08:01,922 - INFO - Initialized GNN regressor with GAT backbone
[36m(func pid=2566187)[0m 2025-04-24 17:52:33,470 - INFO - Initialized GAT model with 2 layers and 32 hidden dimensions
[36m(func pid=2566187)[0m 2025-04-24 17:52:33,470 - INFO - Initialized GNN regressor with GAT backbone
[36m(func pid=2621146)[0m 2025-04-24 17:56:56,640 - INFO - Initialized GAT model with 2 layers and 32 hidden dimensions
[36m(func pid=2621146)[0m 2025-04-24 17:56:56,640 - INFO - Initialized GNN regressor with GAT backbone
[36m(func pid=3016125)[0m 2025-04-24 18:33:13,839 - INFO - Initialized GAT model with 3 layers and 128 hidden dimensions
[36m(func pid=3016125)[0m 2025-04-24 18:33:13,839 - INFO - Initialized GNN regressor with GAT backbone
[36m(func pid=3837182)[0m 2025-04-24 19:46:03,965 - INFO - Initialized GCN model with 3 layers and 128 hidden dimensions
[36m(func pid=3837182)[0m 2025-04-24 19:46:03,966 - INFO - Initialized GNN regressor with GCN backbone
[36m(func pid=3862201)[0m 2025-04-24 19:48:42,326 - INFO - Initialized GCN model with 3 layers and 128 hidden dimensions
[36m(func pid=3862201)[0m 2025-04-24 19:48:42,326 - INFO - Initialized GNN regressor with GCN backbone
[36m(func pid=3870880)[0m 2025-04-24 19:48:46,348 - INFO - Initialized GCN model with 3 layers and 128 hidden dimensions
[36m(func pid=3870880)[0m 2025-04-24 19:48:46,349 - INFO - Initialized GNN regressor with GCN backbone
[36m(func pid=2776672)[0m [2025-04-24 20:20:33,673 E 2776672 2776759] logging.cc:120: Stack trace: 
[36m(func pid=2776672)[0m  /u/mbanisharifdehkordi/gnn-env/lib/python3.12/site-packages/ray/_raylet.so(+0x13fd13a) [0x7f0d2f9fa13a] ray::operator<<()
[36m(func pid=2776672)[0m /u/mbanisharifdehkordi/gnn-env/lib/python3.12/site-packages/ray/_raylet.so(+0x1400712) [0x7f0d2f9fd712] ray::TerminateHandler()
[36m(func pid=2776672)[0m /sw/spack/deltas11-2023-03/apps/linux-rhel8-x86_64/gcc-8.5.0/gcc-11.4.0-yycklku/lib64/libstdc++.so.6(+0xb4c9a) [0x7f0d2e093c9a] __cxxabiv1::__terminate()
[36m(func pid=2776672)[0m /sw/spack/deltas11-2023-03/apps/linux-rhel8-x86_64/gcc-8.5.0/gcc-11.4.0-yycklku/lib64/libstdc++.so.6(+0xb4d05) [0x7f0d2e093d05]
[36m(func pid=2776672)[0m /sw/spack/deltas11-2023-03/apps/linux-rhel8-x86_64/gcc-8.5.0/gcc-11.4.0-yycklku/lib64/libstdc++.so.6(__gxx_personality_v0+0x2bc) [0x7f0d2e09365c] __gxx_personality_v0
[36m(func pid=2776672)[0m /sw/spack/deltas11-2023-03/apps/linux-rhel8-x86_64/gcc-8.5.0/gcc-11.4.0-yycklku/lib64/libgcc_s.so.1(+0x11234) [0x7f0d2ddd7234] _Unwind_ForcedUnwind_Phase2
[36m(func pid=2776672)[0m /sw/spack/deltas11-2023-03/apps/linux-rhel8-x86_64/gcc-8.5.0/gcc-11.4.0-yycklku/lib64/libgcc_s.so.1(_Unwind_ForcedUnwind+0x132) [0x7f0d2ddd7922] _Unwind_ForcedUnwind
[36m(func pid=2776672)[0m /lib64/libpthread.so.0(__pthread_unwind+0x46) [0x7f0d3f2ee626] __pthread_unwind
[36m(func pid=2776672)[0m /lib64/libpthread.so.0(+0x946b) [0x7f0d3f2e646b]
[36m(func pid=2776672)[0m /sw/spack/deltas11-2023-03/apps/linux-rhel8-zen3/gcc-11.4.0/python-3.12.1-ahcgi2c/lib/libpython3.12.so.1.0(+0x2ffc93) [0x7f0d3fa0fc93]
[36m(func pid=2776672)[0m /sw/spack/deltas11-2023-03/apps/linux-rhel8-zen3/gcc-11.4.0/python-3.12.1-ahcgi2c/lib/libpython3.12.so.1.0(+0x2bec61) [0x7f0d3f9cec61] take_gil
[36m(func pid=2776672)[0m /sw/spack/deltas11-2023-03/apps/linux-rhel8-zen3/gcc-11.4.0/python-3.12.1-ahcgi2c/lib/libpython3.12.so.1.0(PyEval_RestoreThread+0xe) [0x7f0d3f9cf1ce] PyEval_RestoreThread
[36m(func pid=2776672)[0m /u/mbanisharifdehkordi/gnn-env/lib/python3.12/site-packages/torch/lib/libtorch_python.so(+0x80abbb) [0x7efa8d05bbbb] THPVariable_clear()
[36m(func pid=2776672)[0m /u/mbanisharifdehkordi/gnn-env/lib/python3.12/site-packages/torch/lib/libtorch_python.so(_Z28THPVariable_subclass_deallocP7_object+0x300) [0x7efa8d05c150] THPVariable_subclass_dealloc()
[36m(func pid=2776672)[0m /sw/spack/deltas11-2023-03/apps/linux-rhel8-zen3/gcc-11.4.0/python-3.12.1-ahcgi2c/lib/libpython3.12.so.1.0(+0x1be105) [0x7f0d3f8ce105] free_keys_object
[36m(func pid=2776672)[0m /sw/spack/deltas11-2023-03/apps/linux-rhel8-zen3/gcc-11.4.0/python-3.12.1-ahcgi2c/lib/libpython3.12.so.1.0(+0x1c311b) [0x7f0d3f8d311b] dict_dealloc
[36m(func pid=2776672)[0m /sw/spack/deltas11-2023-03/apps/linux-rhel8-zen3/gcc-11.4.0/python-3.12.1-ahcgi2c/lib/libpython3.12.so.1.0(+0x1c2fda) [0x7f0d3f8d2fda] dict_dealloc
[36m(func pid=2776672)[0m /sw/spack/deltas11-2023-03/apps/linux-rhel8-zen3/gcc-11.4.0/python-3.12.1-ahcgi2c/lib/libpython3.12.so.1.0(+0x1f174f) [0x7f0d3f90174f] subtype_dealloc
[36m(func pid=2776672)[0m /sw/spack/deltas11-2023-03/apps/linux-rhel8-zen3/gcc-11.4.0/python-3.12.1-ahcgi2c/lib/libpython3.12.so.1.0(+0x1c2fda) [0x7f0d3f8d2fda] dict_dealloc
[36m(func pid=2776672)[0m /sw/spack/deltas11-2023-03/apps/linux-rhel8-zen3/gcc-11.4.0/python-3.12.1-ahcgi2c/lib/libpython3.12.so.1.0(+0x1f174f) [0x7f0d3f90174f] subtype_dealloc
[36m(func pid=2776672)[0m /sw/spack/deltas11-2023-03/apps/linux-rhel8-zen3/gcc-11.4.0/python-3.12.1-ahcgi2c/lib/libpython3.12.so.1.0(+0x1a4ae3) [0x7f0d3f8b4ae3] list_dealloc
[36m(func pid=2776672)[0m /sw/spack/deltas11-2023-03/apps/linux-rhel8-zen3/gcc-11.4.0/python-3.12.1-ahcgi2c/lib/libpython3.12.so.1.0(+0x1c21d6) [0x7f0d3f8d21d6] _PyObject_FreeInstanceAttributes
[36m(func pid=2776672)[0m /sw/spack/deltas11-2023-03/apps/linux-rhel8-zen3/gcc-11.4.0/python-3.12.1-ahcgi2c/lib/libpython3.12.so.1.0(+0x1f1738) [0x7f0d3f901738] subtype_dealloc
[36m(func pid=2776672)[0m /sw/spack/deltas11-2023-03/apps/linux-rhel8-zen3/gcc-11.4.0/python-3.12.1-ahcgi2c/lib/libpython3.12.so.1.0(+0x1c21d6) [0x7f0d3f8d21d6] _PyObject_FreeInstanceAttributes
[36m(func pid=2776672)[0m /sw/spack/deltas11-2023-03/apps/linux-rhel8-zen3/gcc-11.4.0/python-3.12.1-ahcgi2c/lib/libpython3.12.so.1.0(+0x1f1738) [0x7f0d3f901738] subtype_dealloc
[36m(func pid=2776672)[0m /sw/spack/deltas11-2023-03/apps/linux-rhel8-zen3/gcc-11.4.0/python-3.12.1-ahcgi2c/lib/libpython3.12.so.1.0(+0x19d3d4) [0x7f0d3f8ad3d4] frame_dealloc
[36m(func pid=2776672)[0m /sw/spack/deltas11-2023-03/apps/linux-rhel8-zen3/gcc-11.4.0/python-3.12.1-ahcgi2c/lib/libpython3.12.so.1.0(+0x300835) [0x7f0d3fa10835] tb_dealloc
[36m(func pid=2776672)[0m /sw/spack/deltas11-2023-03/apps/linux-rhel8-zen3/gcc-11.4.0/python-3.12.1-ahcgi2c/lib/libpython3.12.so.1.0(+0x300825) [0x7f0d3fa10825] tb_dealloc
[36m(func pid=2776672)[0m /sw/spack/deltas11-2023-03/apps/linux-rhel8-zen3/gcc-11.4.0/python-3.12.1-ahcgi2c/lib/libpython3.12.so.1.0(+0x300825) [0x7f0d3fa10825] tb_dealloc
[36m(func pid=2776672)[0m /sw/spack/deltas11-2023-03/apps/linux-rhel8-zen3/gcc-11.4.0/python-3.12.1-ahcgi2c/lib/libpython3.12.so.1.0(+0x300825) [0x7f0d3fa10825] tb_dealloc
[36m(func pid=2776672)[0m /sw/spack/deltas11-2023-03/apps/linux-rhel8-zen3/gcc-11.4.0/python-3.12.1-ahcgi2c/lib/libpython3.12.so.1.0(+0x300825) [0x7f0d3fa10825] tb_dealloc
[36m(func pid=2776672)[0m /sw/spack/deltas11-2023-03/apps/linux-rhel8-zen3/gcc-11.4.0/python-3.12.1-ahcgi2c/lib/libpython3.12.so.1.0(+0x18cf25) [0x7f0d3f89cf25] SystemExit_dealloc
[36m(func pid=2776672)[0m /sw/spack/deltas11-2023-03/apps/linux-rhel8-zen3/gcc-11.4.0/python-3.12.1-ahcgi2c/lib/libpython3.12.so.1.0(_PyEval_EvalFrameDefault+0x83e6) [0x7f0d3f827ed6] _PyEval_EvalFrameDefault
[36m(func pid=2776672)[0m /sw/spack/deltas11-2023-03/apps/linux-rhel8-zen3/gcc-11.4.0/python-3.12.1-ahcgi2c/lib/libpython3.12.so.1.0(+0x17bbbb) [0x7f0d3f88bbbb] method_vectorcall
[36m(func pid=2776672)[0m /sw/spack/deltas11-2023-03/apps/linux-rhel8-zen3/gcc-11.4.0/python-3.12.1-ahcgi2c/lib/libpython3.12.so.1.0(+0x378e27) [0x7f0d3fa88e27] thread_run
[36m(func pid=2776672)[0m /sw/spack/deltas11-2023-03/apps/linux-rhel8-zen3/gcc-11.4.0/python-3.12.1-ahcgi2c/lib/libpython3.12.so.1.0(+0x2ff9c7) [0x7f0d3fa0f9c7] pythread_wrapper
[36m(func pid=2776672)[0m /lib64/libpthread.so.0(+0x81ca) [0x7f0d3f2e51ca] start_thread
[36m(func pid=2776672)[0m /lib64/libc.so.6(clone+0x43) [0x7f0d3e7c7e73] clone
[36m(func pid=2776672)[0m 
[36m(func pid=52475)[0m 2025-04-24 20:23:18,890 - INFO - Initialized GAT model with 3 layers and 128 hidden dimensions
[36m(func pid=52475)[0m 2025-04-24 20:23:18,890 - INFO - Initialized GNN regressor with GAT backbone
[36m(func pid=1117087)[0m 2025-04-24 22:00:37,498 - INFO - Initialized GCN model with 3 layers and 128 hidden dimensions
[36m(func pid=1117087)[0m 2025-04-24 22:00:37,499 - INFO - Initialized GNN regressor with GCN backbone
[36m(func pid=1237826)[0m 2025-04-24 22:10:52,355 - INFO - Initialized GCN model with 3 layers and 128 hidden dimensions
[36m(func pid=1237826)[0m 2025-04-24 22:10:52,356 - INFO - Initialized GNN regressor with GCN backbone
[36m(func pid=2169668)[0m 2025-04-24 23:35:59,993 - INFO - Initialized GCN model with 3 layers and 128 hidden dimensions
[36m(func pid=2169668)[0m 2025-04-24 23:35:59,994 - INFO - Initialized GNN regressor with GCN backbone
[36m(func pid=2685072)[0m 2025-04-25 00:23:39,405 - INFO - Initialized GCN model with 3 layers and 128 hidden dimensions
[36m(func pid=2685072)[0m 2025-04-25 00:23:39,406 - INFO - Initialized GNN regressor with GCN backbone
[36m(func pid=3694027)[0m 2025-04-25 01:55:04,673 - INFO - Initialized GCN model with 3 layers and 128 hidden dimensions
[36m(func pid=3694027)[0m 2025-04-25 01:55:04,673 - INFO - Initialized GNN regressor with GCN backbone
[36m(func pid=105398)[0m 2025-04-25 02:50:45,754 - INFO - Initialized GCN model with 3 layers and 128 hidden dimensions
[36m(func pid=105398)[0m 2025-04-25 02:50:45,755 - INFO - Initialized GNN regressor with GCN backbone
[36m(func pid=827816)[0m 2025-04-25 03:56:38,866 - INFO - Initialized GCN model with 3 layers and 128 hidden dimensions
[36m(func pid=827816)[0m 2025-04-25 03:56:38,867 - INFO - Initialized GNN regressor with GCN backbone
[36m(func pid=1014349)[0m 2025-04-25 04:13:26,927 - INFO - Initialized GCN model with 3 layers and 128 hidden dimensions
[36m(func pid=1014349)[0m 2025-04-25 04:13:26,928 - INFO - Initialized GNN regressor with GCN backbone
[36m(func pid=1360314)[0m 2025-04-25 04:44:48,288 - INFO - Initialized GCN model with 3 layers and 128 hidden dimensions
[36m(func pid=1360314)[0m 2025-04-25 04:44:48,289 - INFO - Initialized GNN regressor with GCN backbone
[36m(func pid=105398)[0m [2025-04-25 05:08:53,526 E 105398 114613] logging.cc:120: Stack trace: 
[36m(func pid=105398)[0m  /u/mbanisharifdehkordi/gnn-env/lib/python3.12/site-packages/ray/_raylet.so(+0x13fd13a) [0x7fac6c44413a] ray::operator<<()
[36m(func pid=105398)[0m /u/mbanisharifdehkordi/gnn-env/lib/python3.12/site-packages/ray/_raylet.so(+0x1400712) [0x7fac6c447712] ray::TerminateHandler()
[36m(func pid=105398)[0m /sw/spack/deltas11-2023-03/apps/linux-rhel8-x86_64/gcc-8.5.0/gcc-11.4.0-yycklku/lib64/libstdc++.so.6(+0xb4c9a) [0x7fac6aaddc9a] __cxxabiv1::__terminate()
[36m(func pid=105398)[0m /sw/spack/deltas11-2023-03/apps/linux-rhel8-x86_64/gcc-8.5.0/gcc-11.4.0-yycklku/lib64/libstdc++.so.6(+0xb4d05) [0x7fac6aaddd05]
[36m(func pid=105398)[0m /sw/spack/deltas11-2023-03/apps/linux-rhel8-x86_64/gcc-8.5.0/gcc-11.4.0-yycklku/lib64/libstdc++.so.6(__gxx_personality_v0+0x2bc) [0x7fac6aadd65c] __gxx_personality_v0
[36m(func pid=105398)[0m /sw/spack/deltas11-2023-03/apps/linux-rhel8-x86_64/gcc-8.5.0/gcc-11.4.0-yycklku/lib64/libgcc_s.so.1(+0x11234) [0x7fac6a821234] _Unwind_ForcedUnwind_Phase2
[36m(func pid=105398)[0m /sw/spack/deltas11-2023-03/apps/linux-rhel8-x86_64/gcc-8.5.0/gcc-11.4.0-yycklku/lib64/libgcc_s.so.1(_Unwind_ForcedUnwind+0x132) [0x7fac6a821922] _Unwind_ForcedUnwind
[36m(func pid=105398)[0m /lib64/libpthread.so.0(__pthread_unwind+0x46) [0x7fac7bd38626] __pthread_unwind
[36m(func pid=105398)[0m /lib64/libpthread.so.0(+0x946b) [0x7fac7bd3046b]
[36m(func pid=105398)[0m /sw/spack/deltas11-2023-03/apps/linux-rhel8-zen3/gcc-11.4.0/python-3.12.1-ahcgi2c/lib/libpython3.12.so.1.0(+0x2ffc93) [0x7fac7c459c93]
[36m(func pid=105398)[0m /sw/spack/deltas11-2023-03/apps/linux-rhel8-zen3/gcc-11.4.0/python-3.12.1-ahcgi2c/lib/libpython3.12.so.1.0(+0x2bec61) [0x7fac7c418c61] take_gil
[36m(func pid=105398)[0m /sw/spack/deltas11-2023-03/apps/linux-rhel8-zen3/gcc-11.4.0/python-3.12.1-ahcgi2c/lib/libpython3.12.so.1.0(PyEval_RestoreThread+0xe) [0x7fac7c4191ce] PyEval_RestoreThread
[36m(func pid=105398)[0m /u/mbanisharifdehkordi/gnn-env/lib/python3.12/site-packages/torch/lib/libtorch_python.so(+0x80abbb) [0x7f99c9ac3bbb] THPVariable_clear()
[36m(func pid=105398)[0m /u/mbanisharifdehkordi/gnn-env/lib/python3.12/site-packages/torch/lib/libtorch_python.so(_Z28THPVariable_subclass_deallocP7_object+0x300) [0x7f99c9ac4150] THPVariable_subclass_dealloc()
[36m(func pid=105398)[0m /sw/spack/deltas11-2023-03/apps/linux-rhel8-zen3/gcc-11.4.0/python-3.12.1-ahcgi2c/lib/libpython3.12.so.1.0(+0x1be105) [0x7fac7c318105] free_keys_object
[36m(func pid=105398)[0m /sw/spack/deltas11-2023-03/apps/linux-rhel8-zen3/gcc-11.4.0/python-3.12.1-ahcgi2c/lib/libpython3.12.so.1.0(+0x1c311b) [0x7fac7c31d11b] dict_dealloc
[36m(func pid=105398)[0m /sw/spack/deltas11-2023-03/apps/linux-rhel8-zen3/gcc-11.4.0/python-3.12.1-ahcgi2c/lib/libpython3.12.so.1.0(+0x1c2fda) [0x7fac7c31cfda] dict_dealloc
[36m(func pid=105398)[0m /sw/spack/deltas11-2023-03/apps/linux-rhel8-zen3/gcc-11.4.0/python-3.12.1-ahcgi2c/lib/libpython3.12.so.1.0(+0x1f174f) [0x7fac7c34b74f] subtype_dealloc
[36m(func pid=105398)[0m /sw/spack/deltas11-2023-03/apps/linux-rhel8-zen3/gcc-11.4.0/python-3.12.1-ahcgi2c/lib/libpython3.12.so.1.0(+0x1c2fda) [0x7fac7c31cfda] dict_dealloc
[36m(func pid=105398)[0m /sw/spack/deltas11-2023-03/apps/linux-rhel8-zen3/gcc-11.4.0/python-3.12.1-ahcgi2c/lib/libpython3.12.so.1.0(+0x1f174f) [0x7fac7c34b74f] subtype_dealloc
[36m(func pid=105398)[0m /sw/spack/deltas11-2023-03/apps/linux-rhel8-zen3/gcc-11.4.0/python-3.12.1-ahcgi2c/lib/libpython3.12.so.1.0(+0x1a4ae3) [0x7fac7c2feae3] list_dealloc
[36m(func pid=105398)[0m /sw/spack/deltas11-2023-03/apps/linux-rhel8-zen3/gcc-11.4.0/python-3.12.1-ahcgi2c/lib/libpython3.12.so.1.0(+0x1c21d6) [0x7fac7c31c1d6] _PyObject_FreeInstanceAttributes
[36m(func pid=105398)[0m /sw/spack/deltas11-2023-03/apps/linux-rhel8-zen3/gcc-11.4.0/python-3.12.1-ahcgi2c/lib/libpython3.12.so.1.0(+0x1f1738) [0x7fac7c34b738] subtype_dealloc
[36m(func pid=105398)[0m /sw/spack/deltas11-2023-03/apps/linux-rhel8-zen3/gcc-11.4.0/python-3.12.1-ahcgi2c/lib/libpython3.12.so.1.0(+0x1c21d6) [0x7fac7c31c1d6] _PyObject_FreeInstanceAttributes
[36m(func pid=105398)[0m /sw/spack/deltas11-2023-03/apps/linux-rhel8-zen3/gcc-11.4.0/python-3.12.1-ahcgi2c/lib/libpython3.12.so.1.0(+0x1f1738) [0x7fac7c34b738] subtype_dealloc
[36m(func pid=105398)[0m /sw/spack/deltas11-2023-03/apps/linux-rhel8-zen3/gcc-11.4.0/python-3.12.1-ahcgi2c/lib/libpython3.12.so.1.0(+0x19d3d4) [0x7fac7c2f73d4] frame_dealloc
[36m(func pid=105398)[0m /sw/spack/deltas11-2023-03/apps/linux-rhel8-zen3/gcc-11.4.0/python-3.12.1-ahcgi2c/lib/libpython3.12.so.1.0(+0x300835) [0x7fac7c45a835] tb_dealloc
[36m(func pid=105398)[0m /sw/spack/deltas11-2023-03/apps/linux-rhel8-zen3/gcc-11.4.0/python-3.12.1-ahcgi2c/lib/libpython3.12.so.1.0(+0x300825) [0x7fac7c45a825] tb_dealloc
[36m(func pid=105398)[0m /sw/spack/deltas11-2023-03/apps/linux-rhel8-zen3/gcc-11.4.0/python-3.12.1-ahcgi2c/lib/libpython3.12.so.1.0(+0x300825) [0x7fac7c45a825] tb_dealloc
[36m(func pid=105398)[0m /sw/spack/deltas11-2023-03/apps/linux-rhel8-zen3/gcc-11.4.0/python-3.12.1-ahcgi2c/lib/libpython3.12.so.1.0(+0x300825) [0x7fac7c45a825] tb_dealloc
[36m(func pid=105398)[0m /sw/spack/deltas11-2023-03/apps/linux-rhel8-zen3/gcc-11.4.0/python-3.12.1-ahcgi2c/lib/libpython3.12.so.1.0(+0x300825) [0x7fac7c45a825] tb_dealloc
[36m(func pid=105398)[0m /sw/spack/deltas11-2023-03/apps/linux-rhel8-zen3/gcc-11.4.0/python-3.12.1-ahcgi2c/lib/libpython3.12.so.1.0(+0x18cf25) [0x7fac7c2e6f25] SystemExit_dealloc
[36m(func pid=105398)[0m /sw/spack/deltas11-2023-03/apps/linux-rhel8-zen3/gcc-11.4.0/python-3.12.1-ahcgi2c/lib/libpython3.12.so.1.0(_PyEval_EvalFrameDefault+0x83e6) [0x7fac7c271ed6] _PyEval_EvalFrameDefault
[36m(func pid=105398)[0m /sw/spack/deltas11-2023-03/apps/linux-rhel8-zen3/gcc-11.4.0/python-3.12.1-ahcgi2c/lib/libpython3.12.so.1.0(+0x17bbbb) [0x7fac7c2d5bbb] method_vectorcall
[36m(func pid=105398)[0m /sw/spack/deltas11-2023-03/apps/linux-rhel8-zen3/gcc-11.4.0/python-3.12.1-ahcgi2c/lib/libpython3.12.so.1.0(+0x378e27) [0x7fac7c4d2e27] thread_run
[36m(func pid=105398)[0m /sw/spack/deltas11-2023-03/apps/linux-rhel8-zen3/gcc-11.4.0/python-3.12.1-ahcgi2c/lib/libpython3.12.so.1.0(+0x2ff9c7) [0x7fac7c4599c7] pythread_wrapper
[36m(func pid=105398)[0m /lib64/libpthread.so.0(+0x81ca) [0x7fac7bd2f1ca] start_thread
[36m(func pid=105398)[0m /lib64/libc.so.6(clone+0x43) [0x7fac7b211e73] clone
[36m(func pid=105398)[0m 
[36m(func pid=1650871)[0m 2025-04-25 05:11:36,236 - INFO - Initialized GCN model with 3 layers and 128 hidden dimensions
[36m(func pid=1650871)[0m 2025-04-25 05:11:36,236 - INFO - Initialized GNN regressor with GCN backbone
[36m(func pid=2878671)[0m 2025-04-25 07:03:26,662 - INFO - Initialized GCN model with 3 layers and 128 hidden dimensions
[36m(func pid=2878671)[0m 2025-04-25 07:03:26,663 - INFO - Initialized GNN regressor with GCN backbone
[36m(func pid=88859)[0m 2025-04-25 09:11:24,267 - INFO - Initialized GCN model with 3 layers and 128 hidden dimensions
[36m(func pid=88859)[0m 2025-04-25 09:11:24,268 - INFO - Initialized GNN regressor with GCN backbone
[36m(func pid=209637)[0m 2025-04-25 09:22:21,182 - INFO - Initialized GCN model with 3 layers and 128 hidden dimensions
[36m(func pid=209637)[0m 2025-04-25 09:22:21,182 - INFO - Initialized GNN regressor with GCN backbone
[36m(func pid=1613449)[0m 2025-04-25 11:30:08,108 - INFO - Initialized GCN model with 3 layers and 128 hidden dimensions
[36m(func pid=1613449)[0m 2025-04-25 11:30:08,109 - INFO - Initialized GNN regressor with GCN backbone
2025-04-25 14:45:56,576	INFO tune.py:1009 -- Wrote the latest version of all result files and experiment state to '/u/mbanisharifdehkordi/Github/GNN_4_IO_3/logs/hyperopt/baseline/mi0.2/experiment_9/gnn_hyperopt' in 0.1219s.
2025-04-25 14:45:56,654 - INFO - Optimization completed in 129289.53 seconds
2025-04-25 14:45:56,654 - INFO - Best validation loss: 0.2390
2025-04-25 14:45:56,654 - INFO - Best validation RMSE: 0.4888662099838257
2025-04-25 14:45:56,654 - INFO - Best validation MAE: 0.3642336130142212
2025-04-25 14:45:56,654 - INFO - Best validation R²: 0.7481407715735418
2025-04-25 14:45:56,654 - INFO - Best hyperparameters: {'learning_rate': 0.0001020917457159363, 'batch_size': 16, 'hidden_dim': 128, 'num_layers': 3, 'dropout': 0.31173467316200465, 'model_type': 'gat'}
2025-04-25 14:45:56,661 - INFO - Results saved to /u/mbanisharifdehkordi/Github/GNN_4_IO_3/logs/hyperopt/baseline/mi0.2/experiment_9
2025-04-25 14:45:56,661 - INFO - Script to train with best hyperparameters: /u/mbanisharifdehkordi/Github/GNN_4_IO_3/logs/hyperopt/baseline/mi0.2/experiment_9/train_best_model.sh
2025-04-25 14:45:56,661 - INFO - TensorBoard logs available at: /u/mbanisharifdehkordi/Github/GNN_4_IO_3/logs/hyperopt/baseline/mi0.2/experiment_9/tensorboard
2025-04-25 14:45:56,661 - INFO - View TensorBoard with: tensorboard --logdir=/u/mbanisharifdehkordi/Github/GNN_4_IO_3/logs/hyperopt/baseline/mi0.2/experiment_9/tensorboard
