2025-04-26 04:52:52,904 - INFO - Starting hyperparameter optimization with 60 configurations
2025-04-26 04:52:56,570	INFO worker.py:1852 -- Started a local Ray instance.
[I 2025-04-26 04:52:57,458] A new study created in memory with name: optuna
2025-04-26 04:52:57,477	WARNING tune.py:902 -- AIR_VERBOSITY is set, ignoring passed-in ProgressReporter for now.
[36m(func pid=2329193)[0m 2025-04-26 04:55:42,681 - INFO - Initialized GCN model with 2 layers and 64 hidden dimensions
[36m(func pid=2329193)[0m 2025-04-26 04:55:42,681 - INFO - Initialized GNN regressor with GCN backbone
[36m(func pid=2322449)[0m 2025-04-26 04:55:50,086 - INFO - Initialized GCN model with 4 layers and 128 hidden dimensions
[36m(func pid=2322449)[0m 2025-04-26 04:55:50,086 - INFO - Initialized GNN regressor with GCN backbone
[36m(func pid=2333692)[0m 2025-04-26 04:55:51,005 - INFO - Initialized GAT model with 2 layers and 256 hidden dimensions
[36m(func pid=2333692)[0m 2025-04-26 04:55:51,005 - INFO - Initialized GNN regressor with GAT backbone
[36m(func pid=2333844)[0m 2025-04-26 04:55:58,096 - INFO - Initialized GCN model with 3 layers and 64 hidden dimensions
[36m(func pid=2333844)[0m 2025-04-26 04:55:58,096 - INFO - Initialized GNN regressor with GCN backbone
[36m(func pid=3666623)[0m 2025-04-26 06:58:15,486 - INFO - Initialized GAT model with 1 layers and 32 hidden dimensions
[36m(func pid=3666623)[0m 2025-04-26 06:58:15,486 - INFO - Initialized GNN regressor with GAT backbone
[36m(func pid=3819654)[0m 2025-04-26 07:12:27,888 - INFO - Initialized GAT model with 1 layers and 256 hidden dimensions
[36m(func pid=3819654)[0m 2025-04-26 07:12:27,889 - INFO - Initialized GNN regressor with GAT backbone
[36m(func pid=3939920)[0m 2025-04-26 07:23:03,463 - INFO - Initialized GCN model with 4 layers and 64 hidden dimensions
[36m(func pid=3939920)[0m 2025-04-26 07:23:03,463 - INFO - Initialized GNN regressor with GCN backbone
[36m(func pid=587248)[0m 2025-04-26 08:40:08,144 - INFO - Initialized GCN model with 4 layers and 256 hidden dimensions
[36m(func pid=587248)[0m 2025-04-26 08:40:08,144 - INFO - Initialized GNN regressor with GCN backbone
[36m(func pid=674799)[0m 2025-04-26 08:48:31,843 - INFO - Initialized GCN model with 2 layers and 32 hidden dimensions
[36m(func pid=674799)[0m 2025-04-26 08:48:31,843 - INFO - Initialized GNN regressor with GCN backbone
[36m(func pid=795051)[0m 2025-04-26 08:59:22,167 - INFO - Initialized GAT model with 1 layers and 256 hidden dimensions
[36m(func pid=795051)[0m 2025-04-26 08:59:22,168 - INFO - Initialized GNN regressor with GAT backbone
[36m(func pid=1734123)[0m 2025-04-26 10:24:58,120 - INFO - Initialized GAT model with 2 layers and 256 hidden dimensions
[36m(func pid=1734123)[0m 2025-04-26 10:24:58,120 - INFO - Initialized GNN regressor with GAT backbone
[36m(func pid=2435088)[0m 2025-04-26 11:29:43,560 - INFO - Initialized GCN model with 1 layers and 64 hidden dimensions
[36m(func pid=2435088)[0m 2025-04-26 11:29:43,560 - INFO - Initialized GNN regressor with GCN backbone
[36m(func pid=2761698)[0m 2025-04-26 11:59:00,708 - INFO - Initialized GCN model with 4 layers and 32 hidden dimensions
[36m(func pid=2761698)[0m 2025-04-26 11:59:00,708 - INFO - Initialized GNN regressor with GCN backbone
[36m(func pid=3493375)[0m 2025-04-26 13:06:28,733 - INFO - Initialized GAT model with 4 layers and 64 hidden dimensions
[36m(func pid=3493375)[0m 2025-04-26 13:06:28,733 - INFO - Initialized GNN regressor with GAT backbone
[36m(func pid=3831971)[0m 2025-04-26 13:37:20,885 - INFO - Initialized GAT model with 3 layers and 128 hidden dimensions
[36m(func pid=3831971)[0m 2025-04-26 13:37:20,886 - INFO - Initialized GNN regressor with GAT backbone
[36m(func pid=3984972)[0m 2025-04-26 13:51:02,954 - INFO - Initialized GAT model with 1 layers and 32 hidden dimensions
[36m(func pid=3984972)[0m 2025-04-26 13:51:02,954 - INFO - Initialized GNN regressor with GAT backbone
[36m(func pid=2329193)[0m [2025-04-26 14:33:18,792 E 2329193 2333690] logging.cc:120: Stack trace: 
[36m(func pid=2329193)[0m  /u/mbanisharifdehkordi/gnn-env/lib/python3.12/site-packages/ray/_raylet.so(+0x13fd13a) [0x7f1c384d613a] ray::operator<<()
[36m(func pid=2329193)[0m /u/mbanisharifdehkordi/gnn-env/lib/python3.12/site-packages/ray/_raylet.so(+0x1400712) [0x7f1c384d9712] ray::TerminateHandler()
[36m(func pid=2329193)[0m /sw/spack/deltas11-2023-03/apps/linux-rhel8-x86_64/gcc-8.5.0/gcc-11.4.0-yycklku/lib64/libstdc++.so.6(+0xb4c9a) [0x7f1c36b6fc9a] __cxxabiv1::__terminate()
[36m(func pid=2329193)[0m /sw/spack/deltas11-2023-03/apps/linux-rhel8-x86_64/gcc-8.5.0/gcc-11.4.0-yycklku/lib64/libstdc++.so.6(+0xb4d05) [0x7f1c36b6fd05]
[36m(func pid=2329193)[0m /sw/spack/deltas11-2023-03/apps/linux-rhel8-x86_64/gcc-8.5.0/gcc-11.4.0-yycklku/lib64/libstdc++.so.6(__gxx_personality_v0+0x2bc) [0x7f1c36b6f65c] __gxx_personality_v0
[36m(func pid=2329193)[0m /sw/spack/deltas11-2023-03/apps/linux-rhel8-x86_64/gcc-8.5.0/gcc-11.4.0-yycklku/lib64/libgcc_s.so.1(+0x11234) [0x7f1c368b3234] _Unwind_ForcedUnwind_Phase2
[36m(func pid=2329193)[0m /sw/spack/deltas11-2023-03/apps/linux-rhel8-x86_64/gcc-8.5.0/gcc-11.4.0-yycklku/lib64/libgcc_s.so.1(_Unwind_ForcedUnwind+0x132) [0x7f1c368b3922] _Unwind_ForcedUnwind
[36m(func pid=2329193)[0m /lib64/libpthread.so.0(__pthread_unwind+0x46) [0x7f1c47dca626] __pthread_unwind
[36m(func pid=2329193)[0m /lib64/libpthread.so.0(+0x946b) [0x7f1c47dc246b]
[36m(func pid=2329193)[0m /sw/spack/deltas11-2023-03/apps/linux-rhel8-zen3/gcc-11.4.0/python-3.12.1-ahcgi2c/lib/libpython3.12.so.1.0(+0x2ffc93) [0x7f1c484ebc93]
[36m(func pid=2329193)[0m /sw/spack/deltas11-2023-03/apps/linux-rhel8-zen3/gcc-11.4.0/python-3.12.1-ahcgi2c/lib/libpython3.12.so.1.0(+0x2bec61) [0x7f1c484aac61] take_gil
[36m(func pid=2329193)[0m /sw/spack/deltas11-2023-03/apps/linux-rhel8-zen3/gcc-11.4.0/python-3.12.1-ahcgi2c/lib/libpython3.12.so.1.0(PyEval_RestoreThread+0xe) [0x7f1c484ab1ce] PyEval_RestoreThread
[36m(func pid=2329193)[0m /u/mbanisharifdehkordi/gnn-env/lib/python3.12/site-packages/torch/lib/libtorch_python.so(+0x80abbb) [0x7f09b18ddbbb] THPVariable_clear()
[36m(func pid=2329193)[0m /u/mbanisharifdehkordi/gnn-env/lib/python3.12/site-packages/torch/lib/libtorch_python.so(_Z28THPVariable_subclass_deallocP7_object+0x300) [0x7f09b18de150] THPVariable_subclass_dealloc()
[36m(func pid=2329193)[0m /sw/spack/deltas11-2023-03/apps/linux-rhel8-zen3/gcc-11.4.0/python-3.12.1-ahcgi2c/lib/libpython3.12.so.1.0(+0x1be105) [0x7f1c483aa105] free_keys_object
[36m(func pid=2329193)[0m /sw/spack/deltas11-2023-03/apps/linux-rhel8-zen3/gcc-11.4.0/python-3.12.1-ahcgi2c/lib/libpython3.12.so.1.0(+0x1c311b) [0x7f1c483af11b] dict_dealloc
[36m(func pid=2329193)[0m /sw/spack/deltas11-2023-03/apps/linux-rhel8-zen3/gcc-11.4.0/python-3.12.1-ahcgi2c/lib/libpython3.12.so.1.0(+0x1c2fda) [0x7f1c483aefda] dict_dealloc
[36m(func pid=2329193)[0m /sw/spack/deltas11-2023-03/apps/linux-rhel8-zen3/gcc-11.4.0/python-3.12.1-ahcgi2c/lib/libpython3.12.so.1.0(+0x1f174f) [0x7f1c483dd74f] subtype_dealloc
[36m(func pid=2329193)[0m /sw/spack/deltas11-2023-03/apps/linux-rhel8-zen3/gcc-11.4.0/python-3.12.1-ahcgi2c/lib/libpython3.12.so.1.0(+0x1c2fda) [0x7f1c483aefda] dict_dealloc
[36m(func pid=2329193)[0m /sw/spack/deltas11-2023-03/apps/linux-rhel8-zen3/gcc-11.4.0/python-3.12.1-ahcgi2c/lib/libpython3.12.so.1.0(+0x1f174f) [0x7f1c483dd74f] subtype_dealloc
[36m(func pid=2329193)[0m /sw/spack/deltas11-2023-03/apps/linux-rhel8-zen3/gcc-11.4.0/python-3.12.1-ahcgi2c/lib/libpython3.12.so.1.0(+0x1a4ae3) [0x7f1c48390ae3] list_dealloc
[36m(func pid=2329193)[0m /sw/spack/deltas11-2023-03/apps/linux-rhel8-zen3/gcc-11.4.0/python-3.12.1-ahcgi2c/lib/libpython3.12.so.1.0(+0x1c21d6) [0x7f1c483ae1d6] _PyObject_FreeInstanceAttributes
[36m(func pid=2329193)[0m /sw/spack/deltas11-2023-03/apps/linux-rhel8-zen3/gcc-11.4.0/python-3.12.1-ahcgi2c/lib/libpython3.12.so.1.0(+0x1f1738) [0x7f1c483dd738] subtype_dealloc
[36m(func pid=2329193)[0m /sw/spack/deltas11-2023-03/apps/linux-rhel8-zen3/gcc-11.4.0/python-3.12.1-ahcgi2c/lib/libpython3.12.so.1.0(+0x1c21d6) [0x7f1c483ae1d6] _PyObject_FreeInstanceAttributes
[36m(func pid=2329193)[0m /sw/spack/deltas11-2023-03/apps/linux-rhel8-zen3/gcc-11.4.0/python-3.12.1-ahcgi2c/lib/libpython3.12.so.1.0(+0x1f1738) [0x7f1c483dd738] subtype_dealloc
[36m(func pid=2329193)[0m /sw/spack/deltas11-2023-03/apps/linux-rhel8-zen3/gcc-11.4.0/python-3.12.1-ahcgi2c/lib/libpython3.12.so.1.0(+0x19d3d4) [0x7f1c483893d4] frame_dealloc
[36m(func pid=2329193)[0m /sw/spack/deltas11-2023-03/apps/linux-rhel8-zen3/gcc-11.4.0/python-3.12.1-ahcgi2c/lib/libpython3.12.so.1.0(+0x300835) [0x7f1c484ec835] tb_dealloc
[36m(func pid=2329193)[0m /sw/spack/deltas11-2023-03/apps/linux-rhel8-zen3/gcc-11.4.0/python-3.12.1-ahcgi2c/lib/libpython3.12.so.1.0(+0x300825) [0x7f1c484ec825] tb_dealloc
[36m(func pid=2329193)[0m /sw/spack/deltas11-2023-03/apps/linux-rhel8-zen3/gcc-11.4.0/python-3.12.1-ahcgi2c/lib/libpython3.12.so.1.0(+0x300825) [0x7f1c484ec825] tb_dealloc
[36m(func pid=2329193)[0m /sw/spack/deltas11-2023-03/apps/linux-rhel8-zen3/gcc-11.4.0/python-3.12.1-ahcgi2c/lib/libpython3.12.so.1.0(+0x300825) [0x7f1c484ec825] tb_dealloc
[36m(func pid=2329193)[0m /sw/spack/deltas11-2023-03/apps/linux-rhel8-zen3/gcc-11.4.0/python-3.12.1-ahcgi2c/lib/libpython3.12.so.1.0(+0x300825) [0x7f1c484ec825] tb_dealloc
[36m(func pid=2329193)[0m /sw/spack/deltas11-2023-03/apps/linux-rhel8-zen3/gcc-11.4.0/python-3.12.1-ahcgi2c/lib/libpython3.12.so.1.0(+0x18cf25) [0x7f1c48378f25] SystemExit_dealloc
[36m(func pid=2329193)[0m /sw/spack/deltas11-2023-03/apps/linux-rhel8-zen3/gcc-11.4.0/python-3.12.1-ahcgi2c/lib/libpython3.12.so.1.0(_PyEval_EvalFrameDefault+0x83e6) [0x7f1c48303ed6] _PyEval_EvalFrameDefault
[36m(func pid=2329193)[0m /sw/spack/deltas11-2023-03/apps/linux-rhel8-zen3/gcc-11.4.0/python-3.12.1-ahcgi2c/lib/libpython3.12.so.1.0(+0x17bbbb) [0x7f1c48367bbb] method_vectorcall
[36m(func pid=2329193)[0m /sw/spack/deltas11-2023-03/apps/linux-rhel8-zen3/gcc-11.4.0/python-3.12.1-ahcgi2c/lib/libpython3.12.so.1.0(+0x378e27) [0x7f1c48564e27] thread_run
[36m(func pid=2329193)[0m /sw/spack/deltas11-2023-03/apps/linux-rhel8-zen3/gcc-11.4.0/python-3.12.1-ahcgi2c/lib/libpython3.12.so.1.0(+0x2ff9c7) [0x7f1c484eb9c7] pythread_wrapper
[36m(func pid=2329193)[0m /lib64/libpthread.so.0(+0x81ca) [0x7f1c47dc11ca] start_thread
[36m(func pid=2329193)[0m /lib64/libc.so.6(clone+0x43) [0x7f1c472a3e73] clone
[36m(func pid=2329193)[0m 
[36m(func pid=282993)[0m 2025-04-26 14:36:03,385 - INFO - Initialized GAT model with 1 layers and 32 hidden dimensions
[36m(func pid=282993)[0m 2025-04-26 14:36:03,385 - INFO - Initialized GNN regressor with GAT backbone
[36m(func pid=3079042)[0m 2025-04-26 18:52:03,772 - INFO - Initialized GAT model with 3 layers and 128 hidden dimensions
[36m(func pid=3079042)[0m 2025-04-26 18:52:03,773 - INFO - Initialized GNN regressor with GAT backbone
[36m(func pid=32074)[0m 2025-04-26 20:37:31,973 - INFO - Initialized GAT model with 3 layers and 32 hidden dimensions
[36m(func pid=32074)[0m 2025-04-26 20:37:31,974 - INFO - Initialized GNN regressor with GAT backbone
[36m(func pid=425549)[0m 2025-04-26 21:13:33,272 - INFO - Initialized GAT model with 3 layers and 128 hidden dimensions
[36m(func pid=425549)[0m 2025-04-26 21:13:33,273 - INFO - Initialized GNN regressor with GAT backbone
[36m(func pid=1048027)[0m 2025-04-26 22:10:05,683 - INFO - Initialized GCN model with 2 layers and 64 hidden dimensions
[36m(func pid=1048027)[0m 2025-04-26 22:10:05,684 - INFO - Initialized GNN regressor with GCN backbone
[36m(func pid=3025717)[0m 2025-04-27 01:11:09,047 - INFO - Initialized GCN model with 2 layers and 32 hidden dimensions
[36m(func pid=3025717)[0m 2025-04-27 01:11:09,047 - INFO - Initialized GNN regressor with GCN backbone
[36m(func pid=3746588)[0m 2025-04-27 02:17:21,311 - INFO - Initialized GCN model with 2 layers and 64 hidden dimensions
[36m(func pid=3746588)[0m 2025-04-27 02:17:21,312 - INFO - Initialized GNN regressor with GCN backbone
[36m(func pid=3834106)[0m 2025-04-27 02:25:14,631 - INFO - Initialized GCN model with 2 layers and 64 hidden dimensions
[36m(func pid=3834106)[0m 2025-04-27 02:25:14,632 - INFO - Initialized GNN regressor with GCN backbone
[36m(func pid=3031713)[0m 2025-04-27 07:35:42,654 - INFO - Initialized GCN model with 2 layers and 128 hidden dimensions
[36m(func pid=3031713)[0m 2025-04-27 07:35:42,655 - INFO - Initialized GNN regressor with GCN backbone
[36m(func pid=3463371)[0m 2025-04-27 08:14:57,194 - INFO - Initialized GAT model with 3 layers and 128 hidden dimensions
[36m(func pid=3463371)[0m 2025-04-27 08:14:57,195 - INFO - Initialized GNN regressor with GAT backbone
[36m(func pid=3638209)[0m 2025-04-27 08:31:30,505 - INFO - Initialized GCN model with 2 layers and 64 hidden dimensions
[36m(func pid=3638209)[0m 2025-04-27 08:31:30,506 - INFO - Initialized GNN regressor with GCN backbone
[36m(func pid=1071757)[0m 2025-04-27 11:00:09,287 - INFO - Initialized GCN model with 2 layers and 128 hidden dimensions
[36m(func pid=1071757)[0m 2025-04-27 11:00:09,288 - INFO - Initialized GNN regressor with GCN backbone
[36m(func pid=2776069)[0m 2025-04-27 13:36:38,605 - INFO - Initialized GCN model with 2 layers and 128 hidden dimensions
[36m(func pid=2776069)[0m 2025-04-27 13:36:38,606 - INFO - Initialized GNN regressor with GCN backbone
[36m(func pid=3031713)[0m [2025-04-27 13:50:31,166 E 3031713 3037490] logging.cc:120: Stack trace: 
[36m(func pid=3031713)[0m  /u/mbanisharifdehkordi/gnn-env/lib/python3.12/site-packages/ray/_raylet.so(+0x13fd13a) [0x7f0c06fef13a] ray::operator<<()
[36m(func pid=3031713)[0m /u/mbanisharifdehkordi/gnn-env/lib/python3.12/site-packages/ray/_raylet.so(+0x1400712) [0x7f0c06ff2712] ray::TerminateHandler()
[36m(func pid=3031713)[0m /sw/spack/deltas11-2023-03/apps/linux-rhel8-x86_64/gcc-8.5.0/gcc-11.4.0-yycklku/lib64/libstdc++.so.6(+0xb4c9a) [0x7f0c05688c9a] __cxxabiv1::__terminate()
[36m(func pid=3031713)[0m /sw/spack/deltas11-2023-03/apps/linux-rhel8-x86_64/gcc-8.5.0/gcc-11.4.0-yycklku/lib64/libstdc++.so.6(+0xb4d05) [0x7f0c05688d05]
[36m(func pid=3031713)[0m /sw/spack/deltas11-2023-03/apps/linux-rhel8-x86_64/gcc-8.5.0/gcc-11.4.0-yycklku/lib64/libstdc++.so.6(__gxx_personality_v0+0x2bc) [0x7f0c0568865c] __gxx_personality_v0
[36m(func pid=3031713)[0m /sw/spack/deltas11-2023-03/apps/linux-rhel8-x86_64/gcc-8.5.0/gcc-11.4.0-yycklku/lib64/libgcc_s.so.1(+0x11234) [0x7f0c053cc234] _Unwind_ForcedUnwind_Phase2
[36m(func pid=3031713)[0m /sw/spack/deltas11-2023-03/apps/linux-rhel8-x86_64/gcc-8.5.0/gcc-11.4.0-yycklku/lib64/libgcc_s.so.1(_Unwind_ForcedUnwind+0x132) [0x7f0c053cc922] _Unwind_ForcedUnwind
[36m(func pid=3031713)[0m /lib64/libpthread.so.0(__pthread_unwind+0x46) [0x7f0c168e3626] __pthread_unwind
[36m(func pid=3031713)[0m /lib64/libpthread.so.0(+0x946b) [0x7f0c168db46b]
[36m(func pid=3031713)[0m /sw/spack/deltas11-2023-03/apps/linux-rhel8-zen3/gcc-11.4.0/python-3.12.1-ahcgi2c/lib/libpython3.12.so.1.0(+0x2ffc93) [0x7f0c17004c93]
[36m(func pid=3031713)[0m /sw/spack/deltas11-2023-03/apps/linux-rhel8-zen3/gcc-11.4.0/python-3.12.1-ahcgi2c/lib/libpython3.12.so.1.0(+0x2bec61) [0x7f0c16fc3c61] take_gil
[36m(func pid=3031713)[0m /sw/spack/deltas11-2023-03/apps/linux-rhel8-zen3/gcc-11.4.0/python-3.12.1-ahcgi2c/lib/libpython3.12.so.1.0(PyEval_RestoreThread+0xe) [0x7f0c16fc41ce] PyEval_RestoreThread
[36m(func pid=3031713)[0m /u/mbanisharifdehkordi/gnn-env/lib/python3.12/site-packages/torch/lib/libtorch_python.so(+0x80abbb) [0x7ef97f5b9bbb] THPVariable_clear()
[36m(func pid=3031713)[0m /u/mbanisharifdehkordi/gnn-env/lib/python3.12/site-packages/torch/lib/libtorch_python.so(_Z28THPVariable_subclass_deallocP7_object+0x300) [0x7ef97f5ba150] THPVariable_subclass_dealloc()
[36m(func pid=3031713)[0m /sw/spack/deltas11-2023-03/apps/linux-rhel8-zen3/gcc-11.4.0/python-3.12.1-ahcgi2c/lib/libpython3.12.so.1.0(+0x1be105) [0x7f0c16ec3105] free_keys_object
[36m(func pid=3031713)[0m /sw/spack/deltas11-2023-03/apps/linux-rhel8-zen3/gcc-11.4.0/python-3.12.1-ahcgi2c/lib/libpython3.12.so.1.0(+0x1c311b) [0x7f0c16ec811b] dict_dealloc
[36m(func pid=3031713)[0m /sw/spack/deltas11-2023-03/apps/linux-rhel8-zen3/gcc-11.4.0/python-3.12.1-ahcgi2c/lib/libpython3.12.so.1.0(+0x1c2fda) [0x7f0c16ec7fda] dict_dealloc
[36m(func pid=3031713)[0m /sw/spack/deltas11-2023-03/apps/linux-rhel8-zen3/gcc-11.4.0/python-3.12.1-ahcgi2c/lib/libpython3.12.so.1.0(+0x1f174f) [0x7f0c16ef674f] subtype_dealloc
[36m(func pid=3031713)[0m /sw/spack/deltas11-2023-03/apps/linux-rhel8-zen3/gcc-11.4.0/python-3.12.1-ahcgi2c/lib/libpython3.12.so.1.0(+0x1c2fda) [0x7f0c16ec7fda] dict_dealloc
[36m(func pid=3031713)[0m /sw/spack/deltas11-2023-03/apps/linux-rhel8-zen3/gcc-11.4.0/python-3.12.1-ahcgi2c/lib/libpython3.12.so.1.0(+0x1f174f) [0x7f0c16ef674f] subtype_dealloc
[36m(func pid=3031713)[0m /sw/spack/deltas11-2023-03/apps/linux-rhel8-zen3/gcc-11.4.0/python-3.12.1-ahcgi2c/lib/libpython3.12.so.1.0(+0x1a4ae3) [0x7f0c16ea9ae3] list_dealloc
[36m(func pid=3031713)[0m /sw/spack/deltas11-2023-03/apps/linux-rhel8-zen3/gcc-11.4.0/python-3.12.1-ahcgi2c/lib/libpython3.12.so.1.0(+0x1c21d6) [0x7f0c16ec71d6] _PyObject_FreeInstanceAttributes
[36m(func pid=3031713)[0m /sw/spack/deltas11-2023-03/apps/linux-rhel8-zen3/gcc-11.4.0/python-3.12.1-ahcgi2c/lib/libpython3.12.so.1.0(+0x1f1738) [0x7f0c16ef6738] subtype_dealloc
[36m(func pid=3031713)[0m /sw/spack/deltas11-2023-03/apps/linux-rhel8-zen3/gcc-11.4.0/python-3.12.1-ahcgi2c/lib/libpython3.12.so.1.0(+0x1c21d6) [0x7f0c16ec71d6] _PyObject_FreeInstanceAttributes
[36m(func pid=3031713)[0m /sw/spack/deltas11-2023-03/apps/linux-rhel8-zen3/gcc-11.4.0/python-3.12.1-ahcgi2c/lib/libpython3.12.so.1.0(+0x1f1738) [0x7f0c16ef6738] subtype_dealloc
[36m(func pid=3031713)[0m /sw/spack/deltas11-2023-03/apps/linux-rhel8-zen3/gcc-11.4.0/python-3.12.1-ahcgi2c/lib/libpython3.12.so.1.0(+0x19d3d4) [0x7f0c16ea23d4] frame_dealloc
[36m(func pid=3031713)[0m /sw/spack/deltas11-2023-03/apps/linux-rhel8-zen3/gcc-11.4.0/python-3.12.1-ahcgi2c/lib/libpython3.12.so.1.0(+0x300835) [0x7f0c17005835] tb_dealloc
[36m(func pid=3031713)[0m /sw/spack/deltas11-2023-03/apps/linux-rhel8-zen3/gcc-11.4.0/python-3.12.1-ahcgi2c/lib/libpython3.12.so.1.0(+0x300825) [0x7f0c17005825] tb_dealloc
[36m(func pid=3031713)[0m /sw/spack/deltas11-2023-03/apps/linux-rhel8-zen3/gcc-11.4.0/python-3.12.1-ahcgi2c/lib/libpython3.12.so.1.0(+0x300825) [0x7f0c17005825] tb_dealloc
[36m(func pid=3031713)[0m /sw/spack/deltas11-2023-03/apps/linux-rhel8-zen3/gcc-11.4.0/python-3.12.1-ahcgi2c/lib/libpython3.12.so.1.0(+0x300825) [0x7f0c17005825] tb_dealloc
[36m(func pid=3031713)[0m /sw/spack/deltas11-2023-03/apps/linux-rhel8-zen3/gcc-11.4.0/python-3.12.1-ahcgi2c/lib/libpython3.12.so.1.0(+0x300825) [0x7f0c17005825] tb_dealloc
[36m(func pid=3031713)[0m /sw/spack/deltas11-2023-03/apps/linux-rhel8-zen3/gcc-11.4.0/python-3.12.1-ahcgi2c/lib/libpython3.12.so.1.0(+0x18cf25) [0x7f0c16e91f25] SystemExit_dealloc
[36m(func pid=3031713)[0m /sw/spack/deltas11-2023-03/apps/linux-rhel8-zen3/gcc-11.4.0/python-3.12.1-ahcgi2c/lib/libpython3.12.so.1.0(_PyEval_EvalFrameDefault+0x83e6) [0x7f0c16e1ced6] _PyEval_EvalFrameDefault
[36m(func pid=3031713)[0m /sw/spack/deltas11-2023-03/apps/linux-rhel8-zen3/gcc-11.4.0/python-3.12.1-ahcgi2c/lib/libpython3.12.so.1.0(+0x17bbbb) [0x7f0c16e80bbb] method_vectorcall
[36m(func pid=3031713)[0m /sw/spack/deltas11-2023-03/apps/linux-rhel8-zen3/gcc-11.4.0/python-3.12.1-ahcgi2c/lib/libpython3.12.so.1.0(+0x378e27) [0x7f0c1707de27] thread_run
[36m(func pid=3031713)[0m /sw/spack/deltas11-2023-03/apps/linux-rhel8-zen3/gcc-11.4.0/python-3.12.1-ahcgi2c/lib/libpython3.12.so.1.0(+0x2ff9c7) [0x7f0c170049c7] pythread_wrapper
[36m(func pid=3031713)[0m /lib64/libpthread.so.0(+0x81ca) [0x7f0c168da1ca] start_thread
[36m(func pid=3031713)[0m /lib64/libc.so.6(clone+0x43) [0x7f0c15dbce73] clone
[36m(func pid=3031713)[0m 
[36m(func pid=2961832)[0m 2025-04-27 13:53:22,246 - INFO - Initialized GCN model with 3 layers and 128 hidden dimensions
[36m(func pid=2961832)[0m 2025-04-27 13:53:22,246 - INFO - Initialized GNN regressor with GCN backbone
[36m(func pid=4064733)[0m 2025-04-27 15:34:11,709 - INFO - Initialized GCN model with 3 layers and 128 hidden dimensions
[36m(func pid=4064733)[0m 2025-04-27 15:34:11,709 - INFO - Initialized GNN regressor with GCN backbone
[36m(func pid=995987)[0m 2025-04-27 17:17:04,174 - INFO - Initialized GCN model with 3 layers and 64 hidden dimensions
[36m(func pid=995987)[0m 2025-04-27 17:17:04,175 - INFO - Initialized GNN regressor with GCN backbone
[36m(func pid=1837453)[0m 2025-04-27 18:34:04,000 - INFO - Initialized GCN model with 3 layers and 64 hidden dimensions
[36m(func pid=1837453)[0m 2025-04-27 18:34:04,001 - INFO - Initialized GNN regressor with GCN backbone
[36m(func pid=3463371)[0m [2025-04-27 19:18:00,127 E 3463371 3463457] logging.cc:120: Stack trace: 
[36m(func pid=3463371)[0m  /u/mbanisharifdehkordi/gnn-env/lib/python3.12/site-packages/ray/_raylet.so(+0x13fd13a) [0x7f840c89213a] ray::operator<<()
[36m(func pid=3463371)[0m /u/mbanisharifdehkordi/gnn-env/lib/python3.12/site-packages/ray/_raylet.so(+0x1400712) [0x7f840c895712] ray::TerminateHandler()
[36m(func pid=3463371)[0m /sw/spack/deltas11-2023-03/apps/linux-rhel8-x86_64/gcc-8.5.0/gcc-11.4.0-yycklku/lib64/libstdc++.so.6(+0xb4c9a) [0x7f840af2bc9a] __cxxabiv1::__terminate()
[36m(func pid=3463371)[0m /sw/spack/deltas11-2023-03/apps/linux-rhel8-x86_64/gcc-8.5.0/gcc-11.4.0-yycklku/lib64/libstdc++.so.6(+0xb4d05) [0x7f840af2bd05]
[36m(func pid=3463371)[0m /sw/spack/deltas11-2023-03/apps/linux-rhel8-x86_64/gcc-8.5.0/gcc-11.4.0-yycklku/lib64/libstdc++.so.6(__gxx_personality_v0+0x2bc) [0x7f840af2b65c] __gxx_personality_v0
[36m(func pid=3463371)[0m /sw/spack/deltas11-2023-03/apps/linux-rhel8-x86_64/gcc-8.5.0/gcc-11.4.0-yycklku/lib64/libgcc_s.so.1(+0x11234) [0x7f840ac6f234] _Unwind_ForcedUnwind_Phase2
[36m(func pid=3463371)[0m /sw/spack/deltas11-2023-03/apps/linux-rhel8-x86_64/gcc-8.5.0/gcc-11.4.0-yycklku/lib64/libgcc_s.so.1(_Unwind_ForcedUnwind+0x132) [0x7f840ac6f922] _Unwind_ForcedUnwind
[36m(func pid=3463371)[0m /lib64/libpthread.so.0(__pthread_unwind+0x46) [0x7f841c186626] __pthread_unwind
[36m(func pid=3463371)[0m /lib64/libpthread.so.0(+0x946b) [0x7f841c17e46b]
[36m(func pid=3463371)[0m /sw/spack/deltas11-2023-03/apps/linux-rhel8-zen3/gcc-11.4.0/python-3.12.1-ahcgi2c/lib/libpython3.12.so.1.0(+0x2ffc93) [0x7f841c8a7c93]
[36m(func pid=3463371)[0m /sw/spack/deltas11-2023-03/apps/linux-rhel8-zen3/gcc-11.4.0/python-3.12.1-ahcgi2c/lib/libpython3.12.so.1.0(+0x2bec61) [0x7f841c866c61] take_gil
[36m(func pid=3463371)[0m /sw/spack/deltas11-2023-03/apps/linux-rhel8-zen3/gcc-11.4.0/python-3.12.1-ahcgi2c/lib/libpython3.12.so.1.0(PyEval_RestoreThread+0xe) [0x7f841c8671ce] PyEval_RestoreThread
[36m(func pid=3463371)[0m /u/mbanisharifdehkordi/gnn-env/lib/python3.12/site-packages/torch/lib/libtorch_python.so(+0x80abbb) [0x7f7185caabbb] THPVariable_clear()
[36m(func pid=3463371)[0m /u/mbanisharifdehkordi/gnn-env/lib/python3.12/site-packages/torch/lib/libtorch_python.so(_Z28THPVariable_subclass_deallocP7_object+0x300) [0x7f7185cab150] THPVariable_subclass_dealloc()
[36m(func pid=3463371)[0m /sw/spack/deltas11-2023-03/apps/linux-rhel8-zen3/gcc-11.4.0/python-3.12.1-ahcgi2c/lib/libpython3.12.so.1.0(+0x1be105) [0x7f841c766105] free_keys_object
[36m(func pid=3463371)[0m /sw/spack/deltas11-2023-03/apps/linux-rhel8-zen3/gcc-11.4.0/python-3.12.1-ahcgi2c/lib/libpython3.12.so.1.0(+0x1c311b) [0x7f841c76b11b] dict_dealloc
[36m(func pid=3463371)[0m /sw/spack/deltas11-2023-03/apps/linux-rhel8-zen3/gcc-11.4.0/python-3.12.1-ahcgi2c/lib/libpython3.12.so.1.0(+0x1c2fda) [0x7f841c76afda] dict_dealloc
[36m(func pid=3463371)[0m /sw/spack/deltas11-2023-03/apps/linux-rhel8-zen3/gcc-11.4.0/python-3.12.1-ahcgi2c/lib/libpython3.12.so.1.0(+0x1f174f) [0x7f841c79974f] subtype_dealloc
[36m(func pid=3463371)[0m /sw/spack/deltas11-2023-03/apps/linux-rhel8-zen3/gcc-11.4.0/python-3.12.1-ahcgi2c/lib/libpython3.12.so.1.0(+0x1c2fda) [0x7f841c76afda] dict_dealloc
[36m(func pid=3463371)[0m /sw/spack/deltas11-2023-03/apps/linux-rhel8-zen3/gcc-11.4.0/python-3.12.1-ahcgi2c/lib/libpython3.12.so.1.0(+0x1f174f) [0x7f841c79974f] subtype_dealloc
[36m(func pid=3463371)[0m /sw/spack/deltas11-2023-03/apps/linux-rhel8-zen3/gcc-11.4.0/python-3.12.1-ahcgi2c/lib/libpython3.12.so.1.0(+0x1a4ae3) [0x7f841c74cae3] list_dealloc
[36m(func pid=3463371)[0m /sw/spack/deltas11-2023-03/apps/linux-rhel8-zen3/gcc-11.4.0/python-3.12.1-ahcgi2c/lib/libpython3.12.so.1.0(+0x1c21d6) [0x7f841c76a1d6] _PyObject_FreeInstanceAttributes
[36m(func pid=3463371)[0m /sw/spack/deltas11-2023-03/apps/linux-rhel8-zen3/gcc-11.4.0/python-3.12.1-ahcgi2c/lib/libpython3.12.so.1.0(+0x1f1738) [0x7f841c799738] subtype_dealloc
[36m(func pid=3463371)[0m /sw/spack/deltas11-2023-03/apps/linux-rhel8-zen3/gcc-11.4.0/python-3.12.1-ahcgi2c/lib/libpython3.12.so.1.0(+0x1c21d6) [0x7f841c76a1d6] _PyObject_FreeInstanceAttributes
[36m(func pid=3463371)[0m /sw/spack/deltas11-2023-03/apps/linux-rhel8-zen3/gcc-11.4.0/python-3.12.1-ahcgi2c/lib/libpython3.12.so.1.0(+0x1f1738) [0x7f841c799738] subtype_dealloc
[36m(func pid=3463371)[0m /sw/spack/deltas11-2023-03/apps/linux-rhel8-zen3/gcc-11.4.0/python-3.12.1-ahcgi2c/lib/libpython3.12.so.1.0(+0x19d3d4) [0x7f841c7453d4] frame_dealloc
[36m(func pid=3463371)[0m /sw/spack/deltas11-2023-03/apps/linux-rhel8-zen3/gcc-11.4.0/python-3.12.1-ahcgi2c/lib/libpython3.12.so.1.0(+0x300835) [0x7f841c8a8835] tb_dealloc
[36m(func pid=3463371)[0m /sw/spack/deltas11-2023-03/apps/linux-rhel8-zen3/gcc-11.4.0/python-3.12.1-ahcgi2c/lib/libpython3.12.so.1.0(+0x300825) [0x7f841c8a8825] tb_dealloc
[36m(func pid=3463371)[0m /sw/spack/deltas11-2023-03/apps/linux-rhel8-zen3/gcc-11.4.0/python-3.12.1-ahcgi2c/lib/libpython3.12.so.1.0(+0x300825) [0x7f841c8a8825] tb_dealloc
[36m(func pid=3463371)[0m /sw/spack/deltas11-2023-03/apps/linux-rhel8-zen3/gcc-11.4.0/python-3.12.1-ahcgi2c/lib/libpython3.12.so.1.0(+0x300825) [0x7f841c8a8825] tb_dealloc
[36m(func pid=3463371)[0m /sw/spack/deltas11-2023-03/apps/linux-rhel8-zen3/gcc-11.4.0/python-3.12.1-ahcgi2c/lib/libpython3.12.so.1.0(+0x300825) [0x7f841c8a8825] tb_dealloc
[36m(func pid=3463371)[0m /sw/spack/deltas11-2023-03/apps/linux-rhel8-zen3/gcc-11.4.0/python-3.12.1-ahcgi2c/lib/libpython3.12.so.1.0(+0x18cf25) [0x7f841c734f25] SystemExit_dealloc
[36m(func pid=3463371)[0m /sw/spack/deltas11-2023-03/apps/linux-rhel8-zen3/gcc-11.4.0/python-3.12.1-ahcgi2c/lib/libpython3.12.so.1.0(_PyEval_EvalFrameDefault+0x83e6) [0x7f841c6bfed6] _PyEval_EvalFrameDefault
[36m(func pid=3463371)[0m /sw/spack/deltas11-2023-03/apps/linux-rhel8-zen3/gcc-11.4.0/python-3.12.1-ahcgi2c/lib/libpython3.12.so.1.0(+0x17bbbb) [0x7f841c723bbb] method_vectorcall
[36m(func pid=3463371)[0m /sw/spack/deltas11-2023-03/apps/linux-rhel8-zen3/gcc-11.4.0/python-3.12.1-ahcgi2c/lib/libpython3.12.so.1.0(+0x378e27) [0x7f841c920e27] thread_run
[36m(func pid=3463371)[0m /sw/spack/deltas11-2023-03/apps/linux-rhel8-zen3/gcc-11.4.0/python-3.12.1-ahcgi2c/lib/libpython3.12.so.1.0(+0x2ff9c7) [0x7f841c8a79c7] pythread_wrapper
[36m(func pid=3463371)[0m /lib64/libpthread.so.0(+0x81ca) [0x7f841c17d1ca] start_thread
[36m(func pid=3463371)[0m /lib64/libc.so.6(clone+0x43) [0x7f841b65fe73] clone
[36m(func pid=3463371)[0m 
[36m(func pid=2342911)[0m 2025-04-27 19:20:43,136 - INFO - Initialized GCN model with 2 layers and 128 hidden dimensions
[36m(func pid=2342911)[0m 2025-04-27 19:20:43,136 - INFO - Initialized GNN regressor with GCN backbone
[36m(func pid=2613411)[0m 2025-04-27 19:44:50,316 - INFO - Initialized GCN model with 2 layers and 64 hidden dimensions
[36m(func pid=2613411)[0m 2025-04-27 19:44:50,317 - INFO - Initialized GNN regressor with GCN backbone
