2025-04-25 17:22:06 - INFO - Preprocessing data from data/split_data/sample_total/train.csv
2025-04-25 17:22:06 - INFO - Using mutual information from data/mutual_information2.csv
2025-04-25 17:22:06 - INFO - Loading data...
2025-04-25 17:22:32 - INFO - Constructing graph with MI threshold: 0.1
2025-04-25 17:22:32 - INFO - Loading mutual information from data/mutual_information2.csv
2025-04-25 17:22:32 - INFO - Constructing graph with MI threshold: 0.1
2025-04-25 17:22:32 - INFO - Created graph with 44 nodes and 589 edges
2025-04-25 17:22:32 - INFO - Exported graph structure to data/preprocessed/baseline/mi0.1/train/graph_structure.json
2025-04-25 17:22:32 - INFO - Exported graph edges to data/preprocessed/baseline/mi0.1/train/graph_edges.csv
2025-04-25 17:22:32 - INFO - Exported graph nodes to data/preprocessed/baseline/mi0.1/train/graph_nodes.csv
2025-04-25 17:22:32 - INFO - Saved edge_index tensor to data/preprocessed/baseline/mi0.1/train/edge_index.pt
2025-04-25 17:22:32 - INFO - Saved edge_attr tensor to data/preprocessed/baseline/mi0.1/train/edge_attr.pt
2025-04-25 17:22:32 - INFO - Saved counter mapping to data/preprocessed/baseline/mi0.1/train/counter_mapping.csv
2025-04-25 17:22:32 - INFO - Extracting node features...
2025-04-25 17:40:01 - INFO - Saved node features tensor to data/preprocessed/baseline/mi0.1/train/node_features.pt
2025-04-25 17:40:01 - INFO - Saved targets tensor to data/preprocessed/baseline/mi0.1/train/targets.pt
2025-04-25 17:42:36 - INFO - Saving preprocessed data to data/preprocessed/baseline/mi0.1/train
2025-04-25 17:49:32 - INFO - Preprocessing completed. Data saved to data/preprocessed/baseline/mi0.1/train
2025-04-25 17:49:32 - INFO - dataset_size: 4653053
2025-04-25 17:49:32 - INFO - num_nodes: 44
2025-04-25 17:49:32 - INFO - num_edges: 1178
2025-04-25 17:49:32 - INFO - train_size: 4653053
2025-04-25 17:49:46 - INFO - Preprocessing data from data/split_data/sample_total/val.csv
2025-04-25 17:49:46 - INFO - Using mutual information from data/mutual_information2.csv
2025-04-25 17:49:46 - INFO - Loading data...
2025-04-25 17:49:52 - INFO - Constructing graph with MI threshold: 0.1
2025-04-25 17:49:52 - INFO - Loading mutual information from data/mutual_information2.csv
2025-04-25 17:49:52 - INFO - Constructing graph with MI threshold: 0.1
2025-04-25 17:49:52 - INFO - Created graph with 44 nodes and 589 edges
2025-04-25 17:49:52 - INFO - Exported graph structure to data/preprocessed/baseline/mi0.1/val/graph_structure.json
2025-04-25 17:49:52 - INFO - Exported graph edges to data/preprocessed/baseline/mi0.1/val/graph_edges.csv
2025-04-25 17:49:52 - INFO - Exported graph nodes to data/preprocessed/baseline/mi0.1/val/graph_nodes.csv
2025-04-25 17:49:52 - INFO - Saved edge_index tensor to data/preprocessed/baseline/mi0.1/val/edge_index.pt
2025-04-25 17:49:52 - INFO - Saved edge_attr tensor to data/preprocessed/baseline/mi0.1/val/edge_attr.pt
2025-04-25 17:49:52 - INFO - Saved counter mapping to data/preprocessed/baseline/mi0.1/val/counter_mapping.csv
2025-04-25 17:49:52 - INFO - Extracting node features...
2025-04-25 17:53:35 - INFO - Saved node features tensor to data/preprocessed/baseline/mi0.1/val/node_features.pt
2025-04-25 17:53:35 - INFO - Saved targets tensor to data/preprocessed/baseline/mi0.1/val/targets.pt
2025-04-25 17:54:09 - INFO - Saving preprocessed data to data/preprocessed/baseline/mi0.1/val
2025-04-25 17:55:38 - INFO - Preprocessing completed. Data saved to data/preprocessed/baseline/mi0.1/val
2025-04-25 17:55:38 - INFO - dataset_size: 997082
2025-04-25 17:55:38 - INFO - num_nodes: 44
2025-04-25 17:55:38 - INFO - num_edges: 1178
2025-04-25 17:55:38 - INFO - val_size: 997082
2025-04-25 17:55:45 - INFO - Preprocessing data from data/split_data/sample_total/test.csv
2025-04-25 17:55:45 - INFO - Using mutual information from data/mutual_information2.csv
2025-04-25 17:55:45 - INFO - Loading data...
2025-04-25 17:55:51 - INFO - Constructing graph with MI threshold: 0.1
2025-04-25 17:55:51 - INFO - Loading mutual information from data/mutual_information2.csv
2025-04-25 17:55:51 - INFO - Constructing graph with MI threshold: 0.1
2025-04-25 17:55:51 - INFO - Created graph with 44 nodes and 589 edges
2025-04-25 17:55:51 - INFO - Exported graph structure to data/preprocessed/baseline/mi0.1/test/graph_structure.json
2025-04-25 17:55:51 - INFO - Exported graph edges to data/preprocessed/baseline/mi0.1/test/graph_edges.csv
2025-04-25 17:55:51 - INFO - Exported graph nodes to data/preprocessed/baseline/mi0.1/test/graph_nodes.csv
2025-04-25 17:55:51 - INFO - Saved edge_index tensor to data/preprocessed/baseline/mi0.1/test/edge_index.pt
2025-04-25 17:55:51 - INFO - Saved edge_attr tensor to data/preprocessed/baseline/mi0.1/test/edge_attr.pt
2025-04-25 17:55:51 - INFO - Saved counter mapping to data/preprocessed/baseline/mi0.1/test/counter_mapping.csv
2025-04-25 17:55:51 - INFO - Extracting node features...
2025-04-25 17:59:35 - INFO - Saved node features tensor to data/preprocessed/baseline/mi0.1/test/node_features.pt
2025-04-25 17:59:35 - INFO - Saved targets tensor to data/preprocessed/baseline/mi0.1/test/targets.pt
2025-04-25 18:00:08 - INFO - Saving preprocessed data to data/preprocessed/baseline/mi0.1/test
2025-04-25 18:01:37 - INFO - Preprocessing completed. Data saved to data/preprocessed/baseline/mi0.1/test
2025-04-25 18:01:37 - INFO - dataset_size: 997084
2025-04-25 18:01:37 - INFO - num_nodes: 44
2025-04-25 18:01:37 - INFO - num_edges: 1178
2025-04-25 18:01:37 - INFO - test_size: 997084
