2025-04-21 16:50:47 - INFO - Preprocessing data from data/split_data/sample_total/train.csv
2025-04-21 16:50:47 - INFO - Using mutual information from data/mutual_information2.csv
2025-04-21 16:50:47 - INFO - Loading data...
2025-04-21 16:51:13 - INFO - Constructing graph with MI threshold: 0.2
2025-04-21 16:51:13 - INFO - Loading mutual information from data/mutual_information2.csv
2025-04-21 16:51:13 - INFO - Constructing graph with MI threshold: 0.2
2025-04-21 16:51:13 - INFO - Created graph with 44 nodes and 224 edges
2025-04-21 16:51:13 - INFO - Exported graph structure to data/preprocessed/baseline/mi0.2/train/graph_structure.json
2025-04-21 16:51:13 - INFO - Exported graph edges to data/preprocessed/baseline/mi0.2/train/graph_edges.csv
2025-04-21 16:51:13 - INFO - Exported graph nodes to data/preprocessed/baseline/mi0.2/train/graph_nodes.csv
2025-04-21 16:51:13 - INFO - Saved edge_index tensor to data/preprocessed/baseline/mi0.2/train/edge_index.pt
2025-04-21 16:51:13 - INFO - Saved edge_attr tensor to data/preprocessed/baseline/mi0.2/train/edge_attr.pt
2025-04-21 16:51:13 - INFO - Saved counter mapping to data/preprocessed/baseline/mi0.2/train/counter_mapping.csv
2025-04-21 16:51:13 - INFO - Extracting node features...
2025-04-21 17:09:05 - INFO - Saved node features tensor to data/preprocessed/baseline/mi0.2/train/node_features.pt
2025-04-21 17:09:05 - INFO - Saved targets tensor to data/preprocessed/baseline/mi0.2/train/targets.pt
2025-04-21 17:11:41 - INFO - Saving preprocessed data to data/preprocessed/baseline/mi0.2/train
2025-04-21 17:18:45 - INFO - Preprocessing completed. Data saved to data/preprocessed/baseline/mi0.2/train
2025-04-21 17:18:45 - INFO - dataset_size: 4653053
2025-04-21 17:18:45 - INFO - num_nodes: 44
2025-04-21 17:18:45 - INFO - num_edges: 448
2025-04-21 17:18:45 - INFO - train_size: 4653053
2025-04-21 17:18:59 - INFO - Preprocessing data from data/split_data/sample_total/val.csv
2025-04-21 17:18:59 - INFO - Using mutual information from data/mutual_information2.csv
2025-04-21 17:18:59 - INFO - Loading data...
2025-04-21 17:19:05 - INFO - Constructing graph with MI threshold: 0.2
2025-04-21 17:19:05 - INFO - Loading mutual information from data/mutual_information2.csv
2025-04-21 17:19:05 - INFO - Constructing graph with MI threshold: 0.2
2025-04-21 17:19:05 - INFO - Created graph with 44 nodes and 224 edges
2025-04-21 17:19:05 - INFO - Exported graph structure to data/preprocessed/baseline/mi0.2/val/graph_structure.json
2025-04-21 17:19:05 - INFO - Exported graph edges to data/preprocessed/baseline/mi0.2/val/graph_edges.csv
2025-04-21 17:19:05 - INFO - Exported graph nodes to data/preprocessed/baseline/mi0.2/val/graph_nodes.csv
2025-04-21 17:19:05 - INFO - Saved edge_index tensor to data/preprocessed/baseline/mi0.2/val/edge_index.pt
2025-04-21 17:19:05 - INFO - Saved edge_attr tensor to data/preprocessed/baseline/mi0.2/val/edge_attr.pt
2025-04-21 17:19:05 - INFO - Saved counter mapping to data/preprocessed/baseline/mi0.2/val/counter_mapping.csv
2025-04-21 17:19:05 - INFO - Extracting node features...
2025-04-21 17:22:52 - INFO - Saved node features tensor to data/preprocessed/baseline/mi0.2/val/node_features.pt
2025-04-21 17:22:52 - INFO - Saved targets tensor to data/preprocessed/baseline/mi0.2/val/targets.pt
2025-04-21 17:23:26 - INFO - Saving preprocessed data to data/preprocessed/baseline/mi0.2/val
2025-04-21 17:24:53 - INFO - Preprocessing completed. Data saved to data/preprocessed/baseline/mi0.2/val
2025-04-21 17:24:53 - INFO - dataset_size: 997082
2025-04-21 17:24:53 - INFO - num_nodes: 44
2025-04-21 17:24:53 - INFO - num_edges: 448
2025-04-21 17:24:53 - INFO - val_size: 997082
2025-04-21 17:25:00 - INFO - Preprocessing data from data/split_data/sample_total/test.csv
2025-04-21 17:25:00 - INFO - Using mutual information from data/mutual_information2.csv
2025-04-21 17:25:00 - INFO - Loading data...
2025-04-21 17:25:06 - INFO - Constructing graph with MI threshold: 0.2
2025-04-21 17:25:06 - INFO - Loading mutual information from data/mutual_information2.csv
2025-04-21 17:25:06 - INFO - Constructing graph with MI threshold: 0.2
2025-04-21 17:25:06 - INFO - Created graph with 44 nodes and 224 edges
2025-04-21 17:25:06 - INFO - Exported graph structure to data/preprocessed/baseline/mi0.2/test/graph_structure.json
2025-04-21 17:25:06 - INFO - Exported graph edges to data/preprocessed/baseline/mi0.2/test/graph_edges.csv
2025-04-21 17:25:06 - INFO - Exported graph nodes to data/preprocessed/baseline/mi0.2/test/graph_nodes.csv
2025-04-21 17:25:06 - INFO - Saved edge_index tensor to data/preprocessed/baseline/mi0.2/test/edge_index.pt
2025-04-21 17:25:06 - INFO - Saved edge_attr tensor to data/preprocessed/baseline/mi0.2/test/edge_attr.pt
2025-04-21 17:25:06 - INFO - Saved counter mapping to data/preprocessed/baseline/mi0.2/test/counter_mapping.csv
2025-04-21 17:25:06 - INFO - Extracting node features...
2025-04-21 17:28:50 - INFO - Saved node features tensor to data/preprocessed/baseline/mi0.2/test/node_features.pt
2025-04-21 17:28:50 - INFO - Saved targets tensor to data/preprocessed/baseline/mi0.2/test/targets.pt
2025-04-21 17:29:24 - INFO - Saving preprocessed data to data/preprocessed/baseline/mi0.2/test
2025-04-21 17:30:50 - INFO - Preprocessing completed. Data saved to data/preprocessed/baseline/mi0.2/test
2025-04-21 17:30:50 - INFO - dataset_size: 997084
2025-04-21 17:30:50 - INFO - num_nodes: 44
2025-04-21 17:30:50 - INFO - num_edges: 448
2025-04-21 17:30:50 - INFO - test_size: 997084
