2025-04-23 03:53:50,904 - INFO - Using device: cuda
2025-04-23 03:53:50,904 - INFO - Using split-based workflow with directories: data/preprocessed/baseline/mi0.2/train, data/preprocessed/baseline/mi0.2/val, data/preprocessed/baseline/mi0.2/test
2025-04-23 03:53:53,452 - INFO - Creating datasets from split directories...
2025-04-23 03:57:31,078 - INFO - Train/Val/Test sizes: 4653053/997082/997084
2025-04-23 03:57:31,078 - INFO - Creating GCN model with 2 layers and 256 hidden dimensions
2025-04-23 03:57:31,182 - INFO - Initialized GCN model with 2 layers and 256 hidden dimensions
2025-04-23 03:57:31,183 - INFO - Initialized GNN regressor with GCN backbone
2025-04-23 03:57:31,643 - INFO - Found checkpoint at logs/training/baseline_gcn/experiment_7/latest_checkpoint.pt. Resuming training...
2025-04-23 03:57:31,660 - INFO - Resuming from epoch 5 with best validation loss 0.948919 at epoch 3
2025-04-23 03:57:31,660 - INFO - Starting training for 20 epochs (from epoch 6)
2025-04-23 04:07:10,832 - INFO - Epoch 6/20, Train Loss: 0.9495, Val Loss: 0.9491
2025-04-23 04:07:10,847 - INFO - No improvement for 1 epochs. Best validation loss: 0.948919 at epoch 3
2025-04-23 04:16:48,597 - INFO - Epoch 7/20, Train Loss: 0.9496, Val Loss: 0.9492
2025-04-23 04:16:48,612 - INFO - No improvement for 2 epochs. Best validation loss: 0.948919 at epoch 3
2025-04-23 04:26:23,582 - INFO - Epoch 8/20, Train Loss: 0.9495, Val Loss: 0.9491
2025-04-23 04:26:23,596 - INFO - No improvement for 3 epochs. Best validation loss: 0.948919 at epoch 3
2025-04-23 04:35:55,727 - INFO - Epoch 9/20, Train Loss: 0.9495, Val Loss: 0.9490
2025-04-23 04:35:55,742 - INFO - No improvement for 4 epochs. Best validation loss: 0.948919 at epoch 3
2025-04-23 04:45:26,905 - INFO - Epoch 10/20, Train Loss: 0.9495, Val Loss: 0.9489
2025-04-23 04:45:26,929 - INFO - New best model saved at epoch 10 with validation loss: 0.948906
2025-04-23 04:54:56,404 - INFO - Epoch 11/20, Train Loss: 0.9496, Val Loss: 0.9489
2025-04-23 04:54:56,418 - INFO - No improvement for 1 epochs. Best validation loss: 0.948906 at epoch 10
2025-04-23 05:04:25,638 - INFO - Epoch 12/20, Train Loss: 0.9496, Val Loss: 0.9493
2025-04-23 05:04:25,652 - INFO - No improvement for 2 epochs. Best validation loss: 0.948906 at epoch 10
2025-04-23 05:13:54,559 - INFO - Epoch 13/20, Train Loss: 0.9496, Val Loss: 0.9490
2025-04-23 05:13:54,573 - INFO - No improvement for 3 epochs. Best validation loss: 0.948906 at epoch 10
2025-04-23 05:23:21,227 - INFO - Epoch 14/20, Train Loss: 0.9495, Val Loss: 0.9490
2025-04-23 05:23:21,241 - INFO - No improvement for 4 epochs. Best validation loss: 0.948906 at epoch 10
2025-04-23 05:32:47,648 - INFO - Epoch 15/20, Train Loss: 0.9496, Val Loss: 0.9489
2025-04-23 05:32:47,662 - INFO - No improvement for 5 epochs. Best validation loss: 0.948906 at epoch 10
2025-04-23 05:42:12,209 - INFO - Epoch 16/20, Train Loss: 0.9496, Val Loss: 0.9490
2025-04-23 05:42:12,223 - INFO - No improvement for 6 epochs. Best validation loss: 0.948906 at epoch 10
2025-04-23 05:51:33,165 - INFO - Epoch 17/20, Train Loss: 0.9496, Val Loss: 0.9489
2025-04-23 05:51:33,180 - INFO - No improvement for 7 epochs. Best validation loss: 0.948906 at epoch 10
2025-04-23 06:00:51,821 - INFO - Epoch 18/20, Train Loss: 0.9495, Val Loss: 0.9490
2025-04-23 06:00:51,835 - INFO - No improvement for 8 epochs. Best validation loss: 0.948906 at epoch 10
2025-04-23 06:10:09,046 - INFO - Epoch 19/20, Train Loss: 0.9496, Val Loss: 0.9489
2025-04-23 06:10:09,062 - INFO - No improvement for 9 epochs. Best validation loss: 0.948906 at epoch 10
2025-04-23 06:19:32,271 - INFO - Epoch 20/20, Train Loss: 0.9496, Val Loss: 0.9489
2025-04-23 06:19:32,285 - INFO - No improvement for 10 epochs. Best validation loss: 0.948906 at epoch 10
2025-04-23 06:19:32,285 - INFO - Early stopping triggered after 20 epochs
2025-04-23 06:19:32,285 - INFO - Training completed in 8520.62 seconds
2025-04-23 06:19:32,285 - INFO - Loading best model from epoch 10 for evaluation
2025-04-23 06:20:48,318 - INFO - Test Loss: 0.948262
2025-04-23 06:20:48,478 - INFO - Test MSE: 0.948262
2025-04-23 06:20:48,478 - INFO - Test RMSE: 0.973787
2025-04-23 06:20:48,478 - INFO - Test MAE: 0.813239
Traceback (most recent call last):
  File "/u/mbanisharifdehkordi/Github/GNN_4_IO_3/scripts/02_train_model.py", line 938, in <module>
    main()
  File "/u/mbanisharifdehkordi/Github/GNN_4_IO_3/scripts/02_train_model.py", line 915, in main
    train_model(
  File "/u/mbanisharifdehkordi/Github/GNN_4_IO_3/scripts/02_train_model.py", line 489, in train_model
    json.dump(metrics, f, indent=2)
  File "/sw/spack/deltas11-2023-03/apps/linux-rhel8-zen3/gcc-11.4.0/python-3.12.1-ahcgi2c/lib/python3.12/json/__init__.py", line 179, in dump
    for chunk in iterable:
  File "/sw/spack/deltas11-2023-03/apps/linux-rhel8-zen3/gcc-11.4.0/python-3.12.1-ahcgi2c/lib/python3.12/json/encoder.py", line 432, in _iterencode
    yield from _iterencode_dict(o, _current_indent_level)
  File "/sw/spack/deltas11-2023-03/apps/linux-rhel8-zen3/gcc-11.4.0/python-3.12.1-ahcgi2c/lib/python3.12/json/encoder.py", line 406, in _iterencode_dict
    yield from chunks
  File "/sw/spack/deltas11-2023-03/apps/linux-rhel8-zen3/gcc-11.4.0/python-3.12.1-ahcgi2c/lib/python3.12/json/encoder.py", line 439, in _iterencode
    o = _default(o)
        ^^^^^^^^^^^
  File "/sw/spack/deltas11-2023-03/apps/linux-rhel8-zen3/gcc-11.4.0/python-3.12.1-ahcgi2c/lib/python3.12/json/encoder.py", line 180, in default
    raise TypeError(f'Object of type {o.__class__.__name__} '
TypeError: Object of type float32 is not JSON serializable
