2025-04-21 22:40:07 - INFO - Preprocessing data from data/split_data/sample_total/train.csv
2025-04-21 22:40:07 - INFO - Using mutual information from data/mutual_information2.csv
2025-04-21 22:40:07 - INFO - Loading data...
2025-04-21 22:40:34 - INFO - Constructing graph with MI threshold: 0.0
2025-04-21 22:40:34 - INFO - Loading mutual information from data/mutual_information2.csv
2025-04-21 22:40:34 - INFO - Using advanced feature selection to select top 15 features
2025-04-21 22:40:34 - INFO - Constructing graph with MI threshold: 0.0
2025-04-21 22:40:34 - INFO - Using advanced feature selection
2025-04-21 22:40:34 - INFO - Performing Min-max mutual information feature selection to select top 15 features
2025-04-21 22:40:34 - INFO - Selected features: ['POSIX_STRIDE1_STRIDE', 'POSIX_ACCESS3_COUNT', 'POSIX_BYTES_READ', 'POSIX_RW_SWITCHES', 'POSIX_FILE_ALIGNMENT', 'POSIX_ACCESS4_ACCESS', 'POSIX_STRIDE3_COUNT', 'POSIX_ACCESS1_ACCESS', 'POSIX_STRIDE1_COUNT', 'POSIX_SIZE_WRITE_100K_1M', 'POSIX_ACCESS2_ACCESS', 'POSIX_STRIDE4_COUNT', 'POSIX_BYTES_WRITTEN', 'POSIX_SIZE_WRITE_1K_10K', 'POSIX_STRIDE2_COUNT']
2025-04-21 22:40:34 - INFO - Created graph with 15 nodes and 105 edges
2025-04-21 22:40:34 - INFO - Saved selected features to data/preprocessed/adv_feat/mi0_top15/train/selected_features.json
2025-04-21 22:40:34 - INFO - Exported graph structure to data/preprocessed/adv_feat/mi0_top15/train/graph_structure.json
2025-04-21 22:40:34 - INFO - Exported graph edges to data/preprocessed/adv_feat/mi0_top15/train/graph_edges.csv
2025-04-21 22:40:34 - INFO - Exported graph nodes to data/preprocessed/adv_feat/mi0_top15/train/graph_nodes.csv
2025-04-21 22:40:34 - INFO - Saved edge_index tensor to data/preprocessed/adv_feat/mi0_top15/train/edge_index.pt
2025-04-21 22:40:34 - INFO - Saved edge_attr tensor to data/preprocessed/adv_feat/mi0_top15/train/edge_attr.pt
2025-04-21 22:40:34 - INFO - Saved counter mapping to data/preprocessed/adv_feat/mi0_top15/train/counter_mapping.csv
2025-04-21 22:40:34 - INFO - Extracting node features...
2025-04-21 22:48:21 - INFO - Saved node features tensor to data/preprocessed/adv_feat/mi0_top15/train/node_features.pt
2025-04-21 22:48:21 - INFO - Saved targets tensor to data/preprocessed/adv_feat/mi0_top15/train/targets.pt
2025-04-21 22:50:59 - INFO - Saving preprocessed data to data/preprocessed/adv_feat/mi0_top15/train
2025-04-21 22:58:00 - INFO - Preprocessing completed. Data saved to data/preprocessed/adv_feat/mi0_top15/train
2025-04-21 22:58:00 - INFO - dataset_size: 4653053
2025-04-21 22:58:00 - INFO - num_nodes: 15
2025-04-21 22:58:00 - INFO - num_edges: 210
2025-04-21 22:58:00 - INFO - train_size: 4653053
2025-04-21 22:58:00 - INFO - feature_selection: min_max_mutual_information
2025-04-21 22:58:00 - INFO - num_selected_features: 15
2025-04-21 22:58:15 - INFO - Preprocessing data from data/split_data/sample_total/val.csv
2025-04-21 22:58:15 - INFO - Using mutual information from data/mutual_information2.csv
2025-04-21 22:58:15 - INFO - Loading data...
2025-04-21 22:58:20 - INFO - Constructing graph with MI threshold: 0.0
2025-04-21 22:58:20 - INFO - Loading mutual information from data/mutual_information2.csv
2025-04-21 22:58:20 - INFO - Using advanced feature selection to select top 15 features
2025-04-21 22:58:20 - INFO - Constructing graph with MI threshold: 0.0
2025-04-21 22:58:20 - INFO - Using advanced feature selection
2025-04-21 22:58:20 - INFO - Performing Min-max mutual information feature selection to select top 15 features
2025-04-21 22:58:20 - INFO - Selected features: ['POSIX_STRIDE1_STRIDE', 'POSIX_ACCESS3_COUNT', 'POSIX_BYTES_READ', 'POSIX_RW_SWITCHES', 'POSIX_FILE_ALIGNMENT', 'POSIX_ACCESS4_ACCESS', 'POSIX_STRIDE3_COUNT', 'POSIX_ACCESS1_ACCESS', 'POSIX_STRIDE1_COUNT', 'POSIX_SIZE_WRITE_100K_1M', 'POSIX_ACCESS2_ACCESS', 'POSIX_STRIDE4_COUNT', 'POSIX_BYTES_WRITTEN', 'POSIX_SIZE_WRITE_1K_10K', 'POSIX_STRIDE2_COUNT']
2025-04-21 22:58:20 - INFO - Created graph with 15 nodes and 105 edges
2025-04-21 22:58:20 - INFO - Saved selected features to data/preprocessed/adv_feat/mi0_top15/val/selected_features.json
2025-04-21 22:58:20 - INFO - Exported graph structure to data/preprocessed/adv_feat/mi0_top15/val/graph_structure.json
2025-04-21 22:58:20 - INFO - Exported graph edges to data/preprocessed/adv_feat/mi0_top15/val/graph_edges.csv
2025-04-21 22:58:20 - INFO - Exported graph nodes to data/preprocessed/adv_feat/mi0_top15/val/graph_nodes.csv
2025-04-21 22:58:20 - INFO - Saved edge_index tensor to data/preprocessed/adv_feat/mi0_top15/val/edge_index.pt
2025-04-21 22:58:20 - INFO - Saved edge_attr tensor to data/preprocessed/adv_feat/mi0_top15/val/edge_attr.pt
2025-04-21 22:58:20 - INFO - Saved counter mapping to data/preprocessed/adv_feat/mi0_top15/val/counter_mapping.csv
2025-04-21 22:58:20 - INFO - Extracting node features...
2025-04-21 23:00:00 - INFO - Saved node features tensor to data/preprocessed/adv_feat/mi0_top15/val/node_features.pt
2025-04-21 23:00:00 - INFO - Saved targets tensor to data/preprocessed/adv_feat/mi0_top15/val/targets.pt
2025-04-21 23:00:33 - INFO - Saving preprocessed data to data/preprocessed/adv_feat/mi0_top15/val
2025-04-21 23:02:02 - INFO - Preprocessing completed. Data saved to data/preprocessed/adv_feat/mi0_top15/val
2025-04-21 23:02:02 - INFO - dataset_size: 997082
2025-04-21 23:02:02 - INFO - num_nodes: 15
2025-04-21 23:02:02 - INFO - num_edges: 210
2025-04-21 23:02:02 - INFO - val_size: 997082
2025-04-21 23:02:02 - INFO - feature_selection: min_max_mutual_information
2025-04-21 23:02:02 - INFO - num_selected_features: 15
2025-04-21 23:02:09 - INFO - Preprocessing data from data/split_data/sample_total/test.csv
2025-04-21 23:02:09 - INFO - Using mutual information from data/mutual_information2.csv
2025-04-21 23:02:09 - INFO - Loading data...
2025-04-21 23:02:16 - INFO - Constructing graph with MI threshold: 0.0
2025-04-21 23:02:16 - INFO - Loading mutual information from data/mutual_information2.csv
2025-04-21 23:02:16 - INFO - Using advanced feature selection to select top 15 features
2025-04-21 23:02:16 - INFO - Constructing graph with MI threshold: 0.0
2025-04-21 23:02:16 - INFO - Using advanced feature selection
2025-04-21 23:02:16 - INFO - Performing Min-max mutual information feature selection to select top 15 features
2025-04-21 23:02:16 - INFO - Selected features: ['POSIX_STRIDE1_STRIDE', 'POSIX_ACCESS3_COUNT', 'POSIX_BYTES_READ', 'POSIX_RW_SWITCHES', 'POSIX_FILE_ALIGNMENT', 'POSIX_ACCESS4_ACCESS', 'POSIX_STRIDE3_COUNT', 'POSIX_ACCESS1_ACCESS', 'POSIX_STRIDE1_COUNT', 'POSIX_SIZE_WRITE_100K_1M', 'POSIX_ACCESS2_ACCESS', 'POSIX_STRIDE4_COUNT', 'POSIX_BYTES_WRITTEN', 'POSIX_SIZE_WRITE_1K_10K', 'POSIX_STRIDE2_COUNT']
2025-04-21 23:02:16 - INFO - Created graph with 15 nodes and 105 edges
2025-04-21 23:02:16 - INFO - Saved selected features to data/preprocessed/adv_feat/mi0_top15/test/selected_features.json
2025-04-21 23:02:16 - INFO - Exported graph structure to data/preprocessed/adv_feat/mi0_top15/test/graph_structure.json
2025-04-21 23:02:16 - INFO - Exported graph edges to data/preprocessed/adv_feat/mi0_top15/test/graph_edges.csv
2025-04-21 23:02:16 - INFO - Exported graph nodes to data/preprocessed/adv_feat/mi0_top15/test/graph_nodes.csv
2025-04-21 23:02:16 - INFO - Saved edge_index tensor to data/preprocessed/adv_feat/mi0_top15/test/edge_index.pt
2025-04-21 23:02:16 - INFO - Saved edge_attr tensor to data/preprocessed/adv_feat/mi0_top15/test/edge_attr.pt
2025-04-21 23:02:16 - INFO - Saved counter mapping to data/preprocessed/adv_feat/mi0_top15/test/counter_mapping.csv
2025-04-21 23:02:16 - INFO - Extracting node features...
2025-04-21 23:03:57 - INFO - Saved node features tensor to data/preprocessed/adv_feat/mi0_top15/test/node_features.pt
2025-04-21 23:03:57 - INFO - Saved targets tensor to data/preprocessed/adv_feat/mi0_top15/test/targets.pt
2025-04-21 23:04:31 - INFO - Saving preprocessed data to data/preprocessed/adv_feat/mi0_top15/test
2025-04-21 23:05:58 - INFO - Preprocessing completed. Data saved to data/preprocessed/adv_feat/mi0_top15/test
2025-04-21 23:05:58 - INFO - dataset_size: 997084
2025-04-21 23:05:58 - INFO - num_nodes: 15
2025-04-21 23:05:58 - INFO - num_edges: 210
2025-04-21 23:05:58 - INFO - test_size: 997084
2025-04-21 23:05:58 - INFO - feature_selection: min_max_mutual_information
2025-04-21 23:05:58 - INFO - num_selected_features: 15
