2025-04-23 03:57:16,616 - INFO - Using device: cuda
2025-04-23 03:57:16,617 - INFO - Using split-based workflow with directories: data/preprocessed/adv_feat/mi0_top15/train/train, data/preprocessed/adv_feat/mi0_top15/train/val, data/preprocessed/adv_feat/mi0_top15/train/test
Traceback (most recent call last):
  File "/u/mbanisharifdehkordi/Github/GNN_4_IO_3/scripts/02_train_model.py", line 938, in <module>
    main()
  File "/u/mbanisharifdehkordi/Github/GNN_4_IO_3/scripts/02_train_model.py", line 915, in main
    train_model(
  File "/u/mbanisharifdehkordi/Github/GNN_4_IO_3/scripts/02_train_model.py", line 122, in train_model
    edge_index = torch.load(os.path.join(train_dir, 'edge_index.pt'))
                 ^^^^^^^^^^^^^^^^^^^^^^^^^^^^^^^^^^^^^^^^^^^^^^^^^^^^
  File "/u/mbanisharifdehkordi/gnn-env/lib/python3.12/site-packages/torch/serialization.py", line 998, in load
    with _open_file_like(f, 'rb') as opened_file:
         ^^^^^^^^^^^^^^^^^^^^^^^^
  File "/u/mbanisharifdehkordi/gnn-env/lib/python3.12/site-packages/torch/serialization.py", line 445, in _open_file_like
    return _open_file(name_or_buffer, mode)
           ^^^^^^^^^^^^^^^^^^^^^^^^^^^^^^^^
  File "/u/mbanisharifdehkordi/gnn-env/lib/python3.12/site-packages/torch/serialization.py", line 426, in __init__
    super().__init__(open(name, mode))
                     ^^^^^^^^^^^^^^^^
FileNotFoundError: [Errno 2] No such file or directory: 'data/preprocessed/adv_feat/mi0_top15/train/train/edge_index.pt'
